2026-05-27 11:27:01,274 [INFO] Worker 2/5 starting in baseline mode
2026-05-27 11:27:01,275 [INFO] Worker 2/5 starting
2026-05-27 11:27:06,345 [INFO] Loaded 2065 total requirements
2026-05-27 11:27:06,349 [INFO] This worker handles 410 requirements
2026-05-27 11:27:06,349 [INFO] Category order: calculators-finance, education, scientific-math, devtools, media-content, data-processing, system-tools, games, security, messaging, crypto-blockchain, manufacturing-ml, networking-rest, social-media, ai-agents
2026-05-27 11:27:06,351 [INFO] FIN-002: Verified solution exists, skipping
2026-05-27 11:27:06,353 [INFO] FIN-005: Verified solution exists, skipping
2026-05-27 11:27:06,355 [INFO] FIN-007: Verified solution exists, skipping
2026-05-27 11:27:06,357 [INFO] FIN-009: Verified solution exists, skipping
2026-05-27 11:27:06,359 [INFO] FIN-020: Verified solution exists, skipping
2026-05-27 11:27:06,361 [INFO] FIN-025: Verified solution exists, skipping
2026-05-27 11:27:06,363 [INFO] FIN-026: Verified solution exists, skipping
2026-05-27 11:27:06,364 [INFO] FIN-034: Verified solution exists, skipping
2026-05-27 11:27:06,366 [INFO] FIN-038: Verified solution exists, skipping
2026-05-27 11:27:06,368 [INFO] FIN-039: Verified solution exists, skipping
2026-05-27 11:27:06,370 [INFO] FIN-040: Verified solution exists, skipping
2026-05-27 11:27:06,372 [INFO] FIN-043: Verified solution exists, skipping
2026-05-27 11:27:06,374 [INFO] FIN-047: Verified solution exists, skipping
2026-05-27 11:27:06,376 [INFO] FIN-048: Verified solution exists, skipping
2026-05-27 11:27:06,377 [INFO] FIN-051: Verified solution exists, skipping
2026-05-27 11:27:06,379 [INFO] FIN-058: Verified solution exists, skipping
2026-05-27 11:27:06,381 [INFO] FIN-062: Verified solution exists, skipping
2026-05-27 11:27:06,383 [INFO] Processing FIN-094: Matrix Transpose
2026-05-27 11:27:06,384 [INFO] FIN-094: Found previous attempt (412 chars), checking if it compiles on current tkc
2026-05-27 11:27:06,386 [INFO] FIN-094: Previous attempt has compile errors — will use as repair starting point
2026-05-27 11:27:06,388 [WARNING] FIN-094: FAILED on first attempt (baseline mode, no repair)
2026-05-27 11:27:06,770 [INFO] FIN-100: Verified solution exists, skipping
2026-05-27 11:27:06,772 [INFO] FIN-102: Verified solution exists, skipping
2026-05-27 11:27:06,773 [INFO] FIN-111: Verified solution exists, skipping
2026-05-27 11:27:06,775 [INFO] FIN-113: Verified solution exists, skipping
2026-05-27 11:27:06,777 [INFO] FIN-116: Verified solution exists, skipping
2026-05-27 11:27:06,779 [INFO] FIN-122: Verified solution exists, skipping
2026-05-27 11:27:06,781 [INFO] EDU-002: Verified solution exists, skipping
2026-05-27 11:27:06,783 [INFO] EDU-003: Verified solution exists, skipping
2026-05-27 11:27:06,785 [INFO] EDU-007: Verified solution exists, skipping
2026-05-27 11:27:06,787 [INFO] EDU-008: Verified solution exists, skipping
2026-05-27 11:27:06,789 [INFO] EDU-011: Verified solution exists, skipping
2026-05-27 11:27:06,791 [INFO] EDU-025: Verified solution exists, skipping
2026-05-27 11:27:06,792 [INFO] EDU-038: Verified solution exists, skipping
2026-05-27 11:27:06,795 [INFO] EDU-044: Verified solution exists, skipping
2026-05-27 11:27:06,797 [INFO] EDU-049: Verified solution exists, skipping
2026-05-27 11:27:06,798 [INFO] EDU-057: Verified solution exists, skipping
2026-05-27 11:27:06,800 [INFO] EDU-064: Verified solution exists, skipping
2026-05-27 11:27:06,802 [INFO] EDU-074: Verified solution exists, skipping
2026-05-27 11:27:06,805 [INFO] EDU-076: Verified solution exists, skipping
2026-05-27 11:27:06,810 [INFO] Processing EDU-086: Homework Late Policy Calculator
2026-05-27 11:27:06,811 [INFO] EDU-086: Found previous attempt (2059 chars), checking if it compiles on current tkc
2026-05-27 11:27:06,816 [INFO] EDU-086: Previous attempt has compile errors — will use as repair starting point
2026-05-27 11:27:06,821 [WARNING] EDU-086: FAILED on first attempt (baseline mode, no repair)
2026-05-27 11:27:07,176 [INFO] EDU-087: Verified solution exists, skipping
2026-05-27 11:27:07,178 [INFO] EDU-090: Verified solution exists, skipping
2026-05-27 11:27:07,180 [INFO] EDU-100: Verified solution exists, skipping
2026-05-27 11:27:07,183 [INFO] EDU-107: Verified solution exists, skipping
2026-05-27 11:27:07,189 [INFO] Processing EDU-121: Homework Planner PDF Text
2026-05-27 11:27:07,190 [INFO] EDU-121: Found previous attempt (1292 chars), checking if it compiles on current tkc
2026-05-27 11:27:07,196 [INFO] EDU-121: Previous attempt has compile errors — will use as repair starting point
2026-05-27 11:27:07,203 [WARNING] EDU-121: FAILED on first attempt (baseline mode, no repair)
2026-05-27 11:27:07,547 [INFO] Processing EDU-122: Peer Teaching Planner
2026-05-27 11:27:07,548 [INFO] EDU-122: Found previous attempt (1614 chars), checking if it compiles on current tkc
2026-05-27 11:27:07,562 [INFO] EDU-122: Previous attempt has compile errors — will use as repair starting point
2026-05-27 11:27:07,576 [WARNING] EDU-122: FAILED on first attempt (baseline mode, no repair)
2026-05-27 11:27:07,931 [INFO] SCI-002: Verified solution exists, skipping
2026-05-27 11:27:07,934 [INFO] SCI-005: Verified solution exists, skipping
2026-05-27 11:27:07,936 [INFO] SCI-018: Verified solution exists, skipping
2026-05-27 11:27:07,939 [INFO] SCI-021: Verified solution exists, skipping
2026-05-27 11:27:07,941 [INFO] SCI-029: Verified solution exists, skipping
2026-05-27 11:27:07,945 [INFO] Processing SCI-031: Counting Sort
2026-05-27 11:27:07,945 [INFO] SCI-031: Found previous attempt (842 chars), checking if it compiles on current tkc
2026-05-27 11:27:07,948 [INFO] SCI-031: Previous attempt has compile errors — will use as repair starting point
2026-05-27 11:27:07,951 [WARNING] SCI-031: FAILED on first attempt (baseline mode, no repair)
2026-05-27 11:27:08,284 [INFO] Periodic S3 sync at 50 programs...
2026-05-27 11:27:08,284 [INFO] Syncing solutions to s3://toke-test-programs/worker-2/
fatal error: An error occurred (AccessDenied) when calling the ListObjectsV2 operation: Access Denied
upload failed: ./state.json to s3://toke-test-programs/worker-2/state.json An error occurred (AccessDenied) when calling the PutObject operation: Access Denied
2026-05-27 11:27:09,538 [INFO] SCI-040: Verified solution exists, skipping
2026-05-27 11:27:09,540 [INFO] SCI-042: Verified solution exists, skipping
2026-05-27 11:27:09,542 [INFO] SCI-044: Verified solution exists, skipping
2026-05-27 11:27:09,544 [INFO] SCI-047: Verified solution exists, skipping
2026-05-27 11:27:09,548 [INFO] Processing SCI-058: Modular Arithmetic
2026-05-27 11:27:09,549 [INFO] SCI-058: Found previous attempt (1156 chars), checking if it compiles on current tkc
2026-05-27 11:27:09,552 [INFO] SCI-058: Previous attempt has compile errors — will use as repair starting point
2026-05-27 11:27:09,555 [WARNING] SCI-058: FAILED on first attempt (baseline mode, no repair)
2026-05-27 11:27:10,700 [INFO] SCI-068: Verified solution exists, skipping
2026-05-27 11:27:10,703 [INFO] SCI-073: Verified solution exists, skipping
2026-05-27 11:27:10,705 [INFO] SCI-084: Verified solution exists, skipping
2026-05-27 11:27:10,706 [INFO] Processing SCI-086: Pascal's Triangle
2026-05-27 11:27:17,025 [WARNING] SCI-086: FAILED on first attempt (baseline mode, no repair)
2026-05-27 11:27:17,350 [INFO] Processing SCI-089: Caesar Cipher
2026-05-27 11:27:22,243 [WARNING] SCI-089: FAILED on first attempt (baseline mode, no repair)
2026-05-27 11:27:22,577 [INFO] Processing SCI-091: Number Base Converter
2026-05-27 11:27:27,266 [WARNING] SCI-091: FAILED on first attempt (baseline mode, no repair)
2026-05-27 11:27:27,607 [INFO] Processing SCI-101: Möbius Function
2026-05-27 11:27:31,446 [WARNING] SCI-101: FAILED on first attempt (baseline mode, no repair)
2026-05-27 11:27:31,769 [INFO] Processing SCI-104: Fenwick Tree (Binary Indexed Tree)
2026-05-27 11:27:36,491 [WARNING] SCI-104: FAILED on first attempt (baseline mode, no repair)
2026-05-27 11:27:36,826 [INFO] Processing SCI-109: Skip List
2026-05-27 11:27:41,552 [WARNING] SCI-109: FAILED on first attempt (baseline mode, no repair)
2026-05-27 11:27:41,888 [INFO] Processing SCI-113: Interval Scheduling (Greedy)
2026-05-27 11:27:46,634 [WARNING] SCI-113: FAILED on first attempt (baseline mode, no repair)
2026-05-27 11:27:46,972 [INFO] Processing SCI-114: Activity Selection Problem
2026-05-27 11:27:53,781 [WARNING] SCI-114: FAILED on first attempt (baseline mode, no repair)
2026-05-27 11:27:54,111 [INFO] Processing SCI-120: Hamiltonian Path Finder
2026-05-27 11:27:58,749 [WARNING] SCI-120: FAILED on first attempt (baseline mode, no repair)
2026-05-27 11:27:59,060 [INFO] Processing SCI-122: Maximum Bipartite Matching
2026-05-27 11:28:03,800 [WARNING] SCI-122: FAILED on first attempt (baseline mode, no repair)
2026-05-27 11:28:04,204 [INFO] Processing SCI-124: Minimum Cut (Max-Flow Min-Cut)
2026-05-27 11:28:08,780 [WARNING] SCI-124: FAILED on first attempt (baseline mode, no repair)
2026-05-27 11:28:09,129 [INFO] Processing DEV-001: Line Counter (cloc-lite)
2026-05-27 11:28:13,706 [WARNING] DEV-001: FAILED on first attempt (baseline mode, no repair)
2026-05-27 11:28:14,032 [INFO] Processing DEV-003: Semver Parser and Comparator
2026-05-27 11:28:18,278 [WARNING] DEV-003: FAILED on first attempt (baseline mode, no repair)
2026-05-27 11:28:18,603 [INFO] Processing DEV-004: Changelog Generator
2026-05-27 11:28:23,252 [WARNING] DEV-004: FAILED on first attempt (baseline mode, no repair)
2026-05-27 11:28:23,578 [INFO] Processing DEV-005: Git Commit Stats
2026-05-27 11:28:28,266 [WARNING] DEV-005: FAILED on first attempt (baseline mode, no repair)
2026-05-27 11:28:28,588 [INFO] Processing DEV-006: Simple Test Runner
2026-05-27 11:28:33,197 [WARNING] DEV-006: FAILED on first attempt (baseline mode, no repair)
2026-05-27 11:28:33,520 [INFO] Processing DEV-009: Linter Rule Engine
2026-05-27 11:28:38,256 [WARNING] DEV-009: FAILED on first attempt (baseline mode, no repair)
2026-05-27 11:28:38,595 [INFO] Processing DEV-022: Binary Size Analyser
2026-05-27 11:28:43,249 [WARNING] DEV-022: FAILED on first attempt (baseline mode, no repair)
2026-05-27 11:28:43,577 [INFO] Processing DEV-024: Error Message Formatter
2026-05-27 11:28:52,825 [WARNING] DEV-024: FAILED on first attempt (baseline mode, no repair)
2026-05-27 11:28:53,174 [INFO] Processing DEV-032: License Header Checker
2026-05-27 11:28:58,337 [WARNING] DEV-032: FAILED on first attempt (baseline mode, no repair)
2026-05-27 11:28:58,673 [INFO] Processing DEV-034: Cyclomatic Complexity Calculator
2026-05-27 11:29:03,465 [WARNING] DEV-034: FAILED on first attempt (baseline mode, no repair)
2026-05-27 11:29:03,932 [INFO] Processing DEV-037: YAML to JSON Converter
2026-05-27 11:29:10,020 [WARNING] DEV-037: FAILED on first attempt (baseline mode, no repair)
2026-05-27 11:29:10,392 [INFO] Processing DEV-041: Function Length Analyser
2026-05-27 11:29:13,496 [WARNING] DEV-041: FAILED on first attempt (baseline mode, no repair)
2026-05-27 11:29:13,839 [INFO] Processing DEV-044: Config Diff Tool
2026-05-27 11:29:18,660 [WARNING] DEV-044: FAILED on first attempt (baseline mode, no repair)
2026-05-27 11:29:18,988 [INFO] Processing DEV-050: Dependency Version Updater Diff
2026-05-27 11:29:23,888 [WARNING] DEV-050: FAILED on first attempt (baseline mode, no repair)
2026-05-27 11:29:24,223 [INFO] Processing DEV-051: Code Duplication Metric
2026-05-27 11:29:29,032 [WARNING] DEV-051: FAILED on first attempt (baseline mode, no repair)
2026-05-27 11:29:29,356 [INFO] Processing DEV-055: Commit Message Validator
2026-05-27 11:29:34,267 [WARNING] DEV-055: FAILED on first attempt (baseline mode, no repair)
2026-05-27 11:29:34,594 [INFO] Processing DEV-057: JSON Schema Generator
2026-05-27 11:29:39,505 [WARNING] DEV-057: FAILED on first attempt (baseline mode, no repair)
2026-05-27 11:29:39,851 [INFO] Processing DEV-064: Source Map Parser
2026-05-27 11:29:43,934 [WARNING] DEV-064: FAILED on first attempt (baseline mode, no repair)
2026-05-27 11:29:44,256 [INFO] Processing DEV-075: OpenAPI Mock Data Generator
2026-05-27 11:29:49,059 [WARNING] DEV-075: FAILED on first attempt (baseline mode, no repair)
2026-05-27 11:29:49,403 [INFO] Processing DEV-081: Database Query Analyser
2026-05-27 11:29:54,157 [WARNING] DEV-081: FAILED on first attempt (baseline mode, no repair)
2026-05-27 11:29:54,464 [WARNING] Category 'devtools' halted: success rate 0.0% (0/20) is below 10% threshold. Stats: {"attempted": 20, "passed": 0, "failed": 20, "skipped": 0, "errors_compile_error": 19, "errors_runtime_error": 1}
2026-05-27 11:29:54,465 [INFO] Moving to next category. 'devtools' final stats: attempted=20, passed=0, failed=20, skipped=0
2026-05-27 11:29:54,471 [INFO] Processing MED-001: Markdown to Plain Text
2026-05-27 11:30:04,591 [WARNING] MED-001: FAILED on first attempt (baseline mode, no repair)
2026-05-27 11:30:04,977 [INFO] Processing MED-011: Slug Generator
2026-05-27 11:30:07,434 [WARNING] MED-011: FAILED on first attempt (baseline mode, no repair)
2026-05-27 11:30:07,767 [INFO] Processing MED-012: RSS Feed Parser
2026-05-27 11:30:12,680 [WARNING] MED-012: FAILED on first attempt (baseline mode, no repair)
2026-05-27 11:30:12,997 [INFO] Processing MED-014: SEO Analyser
2026-05-27 11:30:17,900 [WARNING] MED-014: FAILED on first attempt (baseline mode, no repair)
2026-05-27 11:30:18,231 [INFO] Processing MED-017: Heading Hierarchy Validator
2026-05-27 11:30:22,647 [WARNING] MED-017: FAILED on first attempt (baseline mode, no repair)
2026-05-27 11:30:22,990 [INFO] Processing MED-018: Footnote Processor
2026-05-27 11:30:27,960 [WARNING] MED-018: FAILED on first attempt (baseline mode, no repair)
2026-05-27 11:30:28,294 [INFO] Processing MED-019: APA Citation Formatter
2026-05-27 11:30:33,241 [WARNING] MED-019: FAILED on first attempt (baseline mode, no repair)
2026-05-27 11:30:33,595 [INFO] Processing MED-029: Indent Normaliser
2026-05-27 11:30:37,102 [WARNING] MED-029: FAILED on first attempt (baseline mode, no repair)
2026-05-27 11:30:37,413 [INFO] Processing MED-035: Image Tag Extractor
2026-05-27 11:30:42,193 [WARNING] MED-035: FAILED on first attempt (baseline mode, no repair)
2026-05-27 11:30:42,533 [INFO] Processing MED-038: JSON Pretty Printer
2026-05-27 11:30:47,304 [WARNING] MED-038: FAILED on first attempt (baseline mode, no repair)
2026-05-27 11:30:47,631 [INFO] Processing MED-039: JSON Minifier
2026-05-27 11:30:52,587 [WARNING] MED-039: FAILED on first attempt (baseline mode, no repair)
2026-05-27 11:30:52,933 [INFO] Periodic S3 sync at 100 programs...
2026-05-27 11:30:52,933 [INFO] Syncing solutions to s3://toke-test-programs/worker-2/
fatal error: An error occurred (AccessDenied) when calling the ListObjectsV2 operation: Access Denied
upload failed: ./state.json to s3://toke-test-programs/worker-2/state.json An error occurred (AccessDenied) when calling the PutObject operation: Access Denied
2026-05-27 11:30:54,166 [INFO] Processing MED-040: Markdown Table Formatter
2026-05-27 11:30:59,046 [WARNING] MED-040: FAILED on first attempt (baseline mode, no repair)
2026-05-27 11:30:59,387 [INFO] Processing MED-043: Snake Case to Camel Case Converter
2026-05-27 11:31:02,637 [WARNING] MED-043: FAILED on first attempt (baseline mode, no repair)
2026-05-27 11:31:03,048 [INFO] Processing MED-052: Character Frequency Counter
2026-05-27 11:31:07,953 [WARNING] MED-052: FAILED on first attempt (baseline mode, no repair)
2026-05-27 11:31:08,272 [INFO] Processing MED-054: Anagram Detector
2026-05-27 11:31:13,236 [WARNING] MED-054: FAILED on first attempt (baseline mode, no repair)
2026-05-27 11:31:13,568 [INFO] Processing MED-055: Text Alignment Formatter
2026-05-27 11:31:17,078 [WARNING] MED-055: FAILED on first attempt (baseline mode, no repair)
2026-05-27 11:31:17,408 [INFO] Processing MED-056: Roman Numeral Converter
2026-05-27 11:31:22,353 [WARNING] MED-056: FAILED on first attempt (baseline mode, no repair)
2026-05-27 11:31:22,696 [INFO] Processing MED-062: URL Decoder
2026-05-27 11:31:27,262 [WARNING] MED-062: FAILED on first attempt (baseline mode, no repair)
2026-05-27 11:31:27,610 [INFO] Processing MED-064: Ordered List Renumberer
2026-05-27 11:31:31,503 [WARNING] MED-064: FAILED on first attempt (baseline mode, no repair)
2026-05-27 11:31:31,814 [INFO] Processing MED-065: Blockquote Formatter
2026-05-27 11:31:34,989 [WARNING] MED-065: FAILED on first attempt (baseline mode, no repair)
2026-05-27 11:31:35,297 [WARNING] Category 'media-content' halted: success rate 0.0% (0/20) is below 10% threshold. Stats: {"attempted": 20, "passed": 0, "failed": 20, "skipped": 0, "errors_build_error": 1, "errors_compile_error": 19}
2026-05-27 11:31:35,297 [INFO] Moving to next category. 'media-content' final stats: attempted=20, passed=0, failed=20, skipped=0
2026-05-27 11:31:35,311 [INFO] Processing DAT-016: Data Normaliser (Min-Max)
2026-05-27 11:31:42,313 [WARNING] DAT-016: FAILED on first attempt (baseline mode, no repair)
2026-05-27 11:31:42,637 [INFO] Processing DAT-018: Fuzzy Deduplicator
2026-05-27 11:31:47,581 [WARNING] DAT-018: FAILED on first attempt (baseline mode, no repair)
2026-05-27 11:31:47,896 [INFO] Processing DAT-023: Heap Sort Visualiser
2026-05-27 11:31:52,757 [WARNING] DAT-023: FAILED on first attempt (baseline mode, no repair)
2026-05-27 11:31:53,088 [INFO] Processing DAT-025: Counting Sort
2026-05-27 11:31:57,125 [WARNING] DAT-025: FAILED on first attempt (baseline mode, no repair)
2026-05-27 11:31:57,447 [INFO] Processing DAT-037: ETL Pipeline Runner
2026-05-27 11:32:02,285 [WARNING] DAT-037: FAILED on first attempt (baseline mode, no repair)
2026-05-27 11:32:02,733 [INFO] Processing DAT-038: Log Level Filter and Counter
2026-05-27 11:32:07,702 [WARNING] DAT-038: FAILED on first attempt (baseline mode, no repair)
2026-05-27 11:32:08,059 [INFO] Processing DAT-040: Report Generator
2026-05-27 11:32:11,859 [WARNING] DAT-040: FAILED on first attempt (baseline mode, no repair)
2026-05-27 11:32:12,208 [INFO] Processing DAT-041: Run-Length Encoding Compressor
2026-05-27 11:32:16,836 [WARNING] DAT-041: FAILED on first attempt (baseline mode, no repair)
2026-05-27 11:32:17,143 [INFO] Processing DAT-043: Huffman Encoder
2026-05-27 11:32:22,185 [WARNING] DAT-043: FAILED on first attempt (baseline mode, no repair)
2026-05-27 11:32:22,503 [INFO] Processing DAT-047: SHA-256 Hash Calculator
2026-05-27 11:32:25,789 [WARNING] DAT-047: FAILED on first attempt (baseline mode, no repair)
2026-05-27 11:32:26,119 [INFO] Processing DAT-051: CSV Column Selector
2026-05-27 11:32:30,003 [WARNING] DAT-051: FAILED on first attempt (baseline mode, no repair)
2026-05-27 11:32:30,353 [INFO] Processing DAT-055: JSON Unflattener
2026-05-27 11:32:37,608 [WARNING] DAT-055: FAILED on first attempt (baseline mode, no repair)
2026-05-27 11:32:37,930 [INFO] Processing DAT-063: Outlier Detector
2026-05-27 11:32:42,996 [WARNING] DAT-063: FAILED on first attempt (baseline mode, no repair)
2026-05-27 11:32:43,318 [INFO] Processing DAT-064: Data Sampling Strategies
2026-05-27 11:32:48,207 [WARNING] DAT-064: FAILED on first attempt (baseline mode, no repair)
2026-05-27 11:32:48,524 [INFO] Processing DAT-067: CSV Transposer
2026-05-27 11:32:52,133 [WARNING] DAT-067: FAILED on first attempt (baseline mode, no repair)
2026-05-27 11:32:52,452 [INFO] Processing DAT-071: TSV to CSV Converter
2026-05-27 11:32:59,271 [WARNING] DAT-071: FAILED on first attempt (baseline mode, no repair)
2026-05-27 11:32:59,583 [INFO] Processing DAT-072: CSV to TSV Converter
2026-05-27 11:33:04,606 [WARNING] DAT-072: FAILED on first attempt (baseline mode, no repair)
2026-05-27 11:33:04,932 [INFO] Processing DAT-076: Column Combiner
2026-05-27 11:33:07,751 [WARNING] DAT-076: FAILED on first attempt (baseline mode, no repair)
2026-05-27 11:33:08,081 [INFO] Processing DAT-085: A/B Test Analyser
2026-05-27 11:33:11,307 [WARNING] DAT-085: FAILED on first attempt (baseline mode, no repair)
2026-05-27 11:33:11,657 [INFO] Processing DAT-087: Graph Edge List to Adjacency Matrix
2026-05-27 11:33:16,462 [WARNING] DAT-087: FAILED on first attempt (baseline mode, no repair)
2026-05-27 11:33:16,775 [WARNING] Category 'data-processing' halted: success rate 0.0% (0/20) is below 10% threshold. Stats: {"attempted": 20, "passed": 0, "failed": 20, "skipped": 0, "errors_build_error": 3, "errors_compile_error": 17}
2026-05-27 11:33:16,776 [INFO] Moving to next category. 'data-processing' final stats: attempted=20, passed=0, failed=20, skipped=0
2026-05-27 11:33:16,787 [INFO] Processing SYS-001: File Watcher
2026-05-27 11:33:21,114 [WARNING] SYS-001: FAILED on first attempt (baseline mode, no repair)
2026-05-27 11:33:21,433 [INFO] Processing SYS-004: Disk Usage Analyser
2026-05-27 11:33:26,317 [WARNING] SYS-004: FAILED on first attempt (baseline mode, no repair)
2026-05-27 11:33:26,635 [INFO] Processing SYS-006: Config Manager
2026-05-27 11:33:31,418 [WARNING] SYS-006: FAILED on first attempt (baseline mode, no repair)
2026-05-27 11:33:31,734 [INFO] Processing SYS-008: Service Monitor
2026-05-27 11:33:36,625 [WARNING] SYS-008: FAILED on first attempt (baseline mode, no repair)
2026-05-27 11:33:36,955 [INFO] Processing SYS-010: Path Utilities
2026-05-27 11:33:41,910 [WARNING] SYS-010: FAILED on first attempt (baseline mode, no repair)
2026-05-27 11:33:42,252 [INFO] Processing SYS-015: Lock File Manager
2026-05-27 11:33:47,301 [WARNING] SYS-015: FAILED on first attempt (baseline mode, no repair)
2026-05-27 11:33:47,617 [INFO] Processing SYS-016: Daemon Skeleton
2026-05-27 11:33:52,677 [WARNING] SYS-016: FAILED on first attempt (baseline mode, no repair)
2026-05-27 11:33:52,992 [INFO] Processing SYS-039: Process CPU Profiler
2026-05-27 11:33:58,075 [WARNING] SYS-039: FAILED on first attempt (baseline mode, no repair)
2026-05-27 11:33:58,408 [INFO] Processing SYS-042: Port Scanner (local)
2026-05-27 11:34:06,639 [WARNING] SYS-042: FAILED on first attempt (baseline mode, no repair)
2026-05-27 11:34:06,965 [INFO] Processing SYS-044: File Age Reporter
2026-05-27 11:34:11,751 [WARNING] SYS-044: FAILED on first attempt (baseline mode, no repair)
2026-05-27 11:34:12,072 [INFO] Processing SYS-054: Clipboard Manager (stdout)
2026-05-27 11:34:21,103 [WARNING] SYS-054: FAILED on first attempt (baseline mode, no repair)
2026-05-27 11:34:21,428 [INFO] Processing SYS-057: Date/Time Converter
2026-05-27 11:34:26,428 [WARNING] SYS-057: FAILED on first attempt (baseline mode, no repair)
2026-05-27 11:34:26,754 [INFO] Processing SYS-059: Base64 Encoder/Decoder
2026-05-27 11:34:31,286 [WARNING] SYS-059: FAILED on first attempt (baseline mode, no repair)
2026-05-27 11:34:31,595 [INFO] Processing SYS-062: Hash Generator
2026-05-27 11:34:35,715 [WARNING] SYS-062: FAILED on first attempt (baseline mode, no repair)
2026-05-27 11:34:36,040 [INFO] Processing SYS-063: Random Data Generator
2026-05-27 11:34:40,985 [WARNING] SYS-063: FAILED on first attempt (baseline mode, no repair)
2026-05-27 11:34:41,293 [INFO] Processing SYS-064: JSON Pretty Printer
2026-05-27 11:34:48,349 [WARNING] SYS-064: FAILED on first attempt (baseline mode, no repair)
2026-05-27 11:34:48,690 [INFO] Processing SYS-066: CSV to JSON Converter
2026-05-27 11:34:53,561 [WARNING] SYS-066: FAILED on first attempt (baseline mode, no repair)
2026-05-27 11:34:53,877 [INFO] Processing SYS-085: File Watcher Trigger
2026-05-27 11:34:58,777 [WARNING] SYS-085: FAILED on first attempt (baseline mode, no repair)
2026-05-27 11:34:59,105 [INFO] Processing SYS-088: Background Task Runner
2026-05-27 11:35:01,903 [WARNING] SYS-088: FAILED on first attempt (baseline mode, no repair)
2026-05-27 11:35:02,328 [INFO] Processing SYS-094: Swap Usage Reporter
2026-05-27 11:35:07,489 [WARNING] SYS-094: FAILED on first attempt (baseline mode, no repair)
2026-05-27 11:35:07,810 [WARNING] Category 'system-tools' halted: success rate 0.0% (0/20) is below 10% threshold. Stats: {"attempted": 20, "passed": 0, "failed": 20, "skipped": 0, "errors_compile_error": 17, "errors_build_error": 2, "errors_runtime_error": 1}
2026-05-27 11:35:07,810 [INFO] Moving to next category. 'system-tools' final stats: attempted=20, passed=0, failed=20, skipped=0
2026-05-27 11:35:07,821 [INFO] Processing GAM-002: Poker Hand Classifier
2026-05-27 11:35:12,720 [WARNING] GAM-002: FAILED on first attempt (baseline mode, no repair)
2026-05-27 11:35:13,041 [INFO] Periodic S3 sync at 150 programs...
2026-05-27 11:35:13,041 [INFO] Syncing solutions to s3://toke-test-programs/worker-2/
fatal error: An error occurred (AccessDenied) when calling the ListObjectsV2 operation: Access Denied
upload failed: ./state.json to s3://toke-test-programs/worker-2/state.json An error occurred (AccessDenied) when calling the PutObject operation: Access Denied
2026-05-27 11:35:14,266 [INFO] Processing GAM-013: Tower of Hanoi Solver
2026-05-27 11:35:18,309 [WARNING] GAM-013: FAILED on first attempt (baseline mode, no repair)
2026-05-27 11:35:18,640 [INFO] Processing GAM-021: Craps Roll Evaluator
2026-05-27 11:35:23,113 [WARNING] GAM-021: FAILED on first attempt (baseline mode, no repair)
2026-05-27 11:35:23,423 [INFO] Processing GAM-023: Mastermind Code Breaker
2026-05-27 11:35:30,790 [WARNING] GAM-023: FAILED on first attempt (baseline mode, no repair)
2026-05-27 11:35:31,106 [INFO] Processing GAM-028: Snake Game Line Scorer
2026-05-27 11:35:35,949 [WARNING] GAM-028: FAILED on first attempt (baseline mode, no repair)
2026-05-27 11:35:36,262 [INFO] Processing GAM-030: Tetris Piece Placer
2026-05-27 11:35:40,740 [WARNING] GAM-030: FAILED on first attempt (baseline mode, no repair)
2026-05-27 11:35:41,056 [INFO] Processing GAM-033: Predator-Prey Simulator
2026-05-27 11:35:45,231 [WARNING] GAM-033: FAILED on first attempt (baseline mode, no repair)
2026-05-27 11:35:45,568 [INFO] Processing GAM-034: Monte Carlo Pi Estimator
2026-05-27 11:35:52,753 [WARNING] GAM-034: FAILED on first attempt (baseline mode, no repair)
2026-05-27 11:35:53,080 [INFO] Processing GAM-035: Slot Machine Simulator
2026-05-27 11:35:56,486 [WARNING] GAM-035: FAILED on first attempt (baseline mode, no repair)
2026-05-27 11:35:56,802 [INFO] Processing GAM-036: Cricket Score Calculator
2026-05-27 11:36:05,996 [WARNING] GAM-036: FAILED on first attempt (baseline mode, no repair)
2026-05-27 11:36:06,332 [INFO] Processing GAM-039: Trading Simulator
2026-05-27 11:36:10,383 [WARNING] GAM-039: FAILED on first attempt (baseline mode, no repair)
2026-05-27 11:36:10,725 [INFO] Processing GAM-042: Minesweeper Solver
2026-05-27 11:36:15,770 [WARNING] GAM-042: FAILED on first attempt (baseline mode, no repair)
2026-05-27 11:36:16,091 [INFO] Processing GAM-043: Boggle Word Finder
2026-05-27 11:36:21,127 [WARNING] GAM-043: FAILED on first attempt (baseline mode, no repair)
2026-05-27 11:36:21,448 [INFO] Processing GAM-058: Simon Says Pattern Evaluator
2026-05-27 11:36:26,476 [WARNING] GAM-058: FAILED on first attempt (baseline mode, no repair)
2026-05-27 11:36:26,791 [INFO] Processing GAM-060: Othello/Reversi Move Evaluator
2026-05-27 11:36:31,731 [WARNING] GAM-060: FAILED on first attempt (baseline mode, no repair)
2026-05-27 11:36:32,037 [INFO] Processing GAM-069: Kalah (Mancala) Board Evaluator
2026-05-27 11:36:37,018 [WARNING] GAM-069: FAILED on first attempt (baseline mode, no repair)
2026-05-27 11:36:37,351 [INFO] Processing GAM-075: Anagram Crossword Filler
2026-05-27 11:36:42,297 [WARNING] GAM-075: FAILED on first attempt (baseline mode, no repair)
2026-05-27 11:36:42,631 [INFO] Processing GAM-085: Knight's Tour Solver
2026-05-27 11:36:47,423 [WARNING] GAM-085: FAILED on first attempt (baseline mode, no repair)
2026-05-27 11:36:47,738 [INFO] Processing GAM-087: Spelling Bee Solver
2026-05-27 11:36:52,559 [WARNING] GAM-087: FAILED on first attempt (baseline mode, no repair)
2026-05-27 11:36:52,887 [INFO] Processing GAM-089: Flood Fill Area Calculator
2026-05-27 11:36:57,916 [WARNING] GAM-089: FAILED on first attempt (baseline mode, no repair)
2026-05-27 11:36:58,241 [WARNING] Category 'games' halted: success rate 0.0% (0/20) is below 10% threshold. Stats: {"attempted": 20, "passed": 0, "failed": 20, "skipped": 0, "errors_compile_error": 17, "errors_build_error": 3}
2026-05-27 11:36:58,241 [INFO] Moving to next category. 'games' final stats: attempted=20, passed=0, failed=20, skipped=0
2026-05-27 11:36:58,248 [INFO] Processing SEC-002: Password Strength Analyser
2026-05-27 11:37:02,905 [WARNING] SEC-002: FAILED on first attempt (baseline mode, no repair)
2026-05-27 11:37:03,332 [INFO] Processing SEC-004: Log Analyser for Security Events
2026-05-27 11:37:08,379 [WARNING] SEC-004: FAILED on first attempt (baseline mode, no repair)
2026-05-27 11:37:08,721 [INFO] Processing SEC-011: Input Sanitiser
2026-05-27 11:37:12,015 [WARNING] SEC-011: FAILED on first attempt (baseline mode, no repair)
2026-05-27 11:37:12,347 [INFO] Processing SEC-013: XSS Filter
2026-05-27 11:37:17,247 [WARNING] SEC-013: FAILED on first attempt (baseline mode, no repair)
2026-05-27 11:37:17,586 [INFO] Processing SEC-022: TLS Configuration Validator
2026-05-27 11:37:22,515 [WARNING] SEC-022: FAILED on first attempt (baseline mode, no repair)
2026-05-27 11:37:22,835 [INFO] Processing SEC-026: Network WHOIS Lookup Tool
2026-05-27 11:37:27,743 [WARNING] SEC-026: FAILED on first attempt (baseline mode, no repair)
2026-05-27 11:37:28,062 [INFO] Processing SEC-035: Two-Factor Authentication TOTP Generator/Validator
2026-05-27 11:37:32,999 [WARNING] SEC-035: FAILED on first attempt (baseline mode, no repair)
2026-05-27 11:37:33,320 [INFO] Processing SEC-039: Default Credentials Tester
2026-05-27 11:37:38,412 [WARNING] SEC-039: FAILED on first attempt (baseline mode, no repair)
2026-05-27 11:37:38,732 [INFO] Processing SEC-047: Insecure Direct Object Reference (IDOR) Tester
2026-05-27 11:37:42,314 [WARNING] SEC-047: FAILED on first attempt (baseline mode, no repair)
2026-05-27 11:37:42,651 [INFO] Processing SEC-060: Denial of Service Vulnerability Tester (Regex ReDoS)
2026-05-27 11:37:46,475 [WARNING] SEC-060: FAILED on first attempt (baseline mode, no repair)
2026-05-27 11:37:46,800 [INFO] Processing SEC-063: API Endpoint Security Inventory
2026-05-27 11:37:51,644 [WARNING] SEC-063: FAILED on first attempt (baseline mode, no repair)
2026-05-27 11:37:51,965 [INFO] Processing SEC-073: Digital Signature Verifier
2026-05-27 11:37:56,890 [WARNING] SEC-073: FAILED on first attempt (baseline mode, no repair)
2026-05-27 11:37:57,221 [INFO] Processing SEC-083: API Security Scorecard Generator
2026-05-27 11:38:02,253 [WARNING] SEC-083: FAILED on first attempt (baseline mode, no repair)
2026-05-27 11:38:02,698 [INFO] Processing SEC-086: Network Reconnaissance Reporter
2026-05-27 11:38:07,652 [WARNING] SEC-086: FAILED on first attempt (baseline mode, no repair)
2026-05-27 11:38:07,987 [INFO] Processing SEC-097: Data Exfiltration Simulation Detector
2026-05-27 11:38:11,679 [WARNING] SEC-097: FAILED on first attempt (baseline mode, no repair)
2026-05-27 11:38:12,011 [INFO] Processing SEC-098: Web Shell Detector
2026-05-27 11:38:16,993 [WARNING] SEC-098: FAILED on first attempt (baseline mode, no repair)
2026-05-27 11:38:17,332 [INFO] Processing SEC-100: Security Event Correlation Engine
2026-05-27 11:38:22,325 [WARNING] SEC-100: FAILED on first attempt (baseline mode, no repair)
2026-05-27 11:38:22,659 [INFO] Processing SEC-102: Cryptographic Nonce Reuse Detector
2026-05-27 11:38:27,662 [WARNING] SEC-102: FAILED on first attempt (baseline mode, no repair)
2026-05-27 11:38:27,984 [INFO] Processing SEC-111: DNS Hijacking Detector
2026-05-27 11:38:32,861 [WARNING] SEC-111: FAILED on first attempt (baseline mode, no repair)
2026-05-27 11:38:33,186 [INFO] Processing SEC-117: Password Reset Token Security Tester
2026-05-27 11:38:38,083 [WARNING] SEC-117: FAILED on first attempt (baseline mode, no repair)
2026-05-27 11:38:38,410 [WARNING] Category 'security' halted: success rate 0.0% (0/20) is below 10% threshold. Stats: {"attempted": 20, "passed": 0, "failed": 20, "skipped": 0, "errors_compile_error": 20}
2026-05-27 11:38:38,411 [INFO] Moving to next category. 'security' final stats: attempted=20, passed=0, failed=20, skipped=0
2026-05-27 11:38:38,415 [INFO] Processing MSG-002: AES-256 message decryption
2026-05-27 11:38:42,967 [WARNING] MSG-002: FAILED on first attempt (baseline mode, no repair)
2026-05-27 11:38:43,291 [INFO] Processing MSG-004: RSA message encryption
2026-05-27 11:38:51,983 [WARNING] MSG-004: FAILED on first attempt (baseline mode, no repair)
2026-05-27 11:38:52,320 [INFO] Processing MSG-009: Message authentication code (HMAC-SHA256)
2026-05-27 11:38:55,619 [WARNING] MSG-009: FAILED on first attempt (baseline mode, no repair)
2026-05-27 11:38:55,946 [INFO] Processing MSG-012: JSON message envelope construction
2026-05-27 11:38:59,003 [WARNING] MSG-012: FAILED on first attempt (baseline mode, no repair)
2026-05-27 11:38:59,335 [INFO] Processing MSG-020: Group message fan-out
2026-05-27 11:39:02,249 [WARNING] MSG-020: FAILED on first attempt (baseline mode, no repair)
2026-05-27 11:39:02,707 [INFO] Processing MSG-029: Spam detection - frequency analysis
2026-05-27 11:39:07,799 [WARNING] MSG-029: FAILED on first attempt (baseline mode, no repair)
2026-05-27 11:39:08,125 [INFO] Processing MSG-030: Spam score calculation
2026-05-27 11:39:13,123 [WARNING] MSG-030: FAILED on first attempt (baseline mode, no repair)
2026-05-27 11:39:13,456 [INFO] Processing MSG-046: Typing indicator protocol
2026-05-27 11:39:18,454 [WARNING] MSG-046: FAILED on first attempt (baseline mode, no repair)
2026-05-27 11:39:18,801 [INFO] Processing MSG-052: Message mention parsing
2026-05-27 11:39:23,244 [WARNING] MSG-052: FAILED on first attempt (baseline mode, no repair)
2026-05-27 11:39:23,565 [INFO] Processing MSG-055: Message flood protection
2026-05-27 11:39:26,777 [WARNING] MSG-055: FAILED on first attempt (baseline mode, no repair)
2026-05-27 11:39:27,116 [INFO] Processing MSG-061: Message batching for network efficiency
2026-05-27 11:39:32,010 [WARNING] MSG-061: FAILED on first attempt (baseline mode, no repair)
2026-05-27 11:39:32,330 [INFO] Periodic S3 sync at 200 programs...
2026-05-27 11:39:32,330 [INFO] Syncing solutions to s3://toke-test-programs/worker-2/
fatal error: An error occurred (AccessDenied) when calling the ListObjectsV2 operation: Access Denied
upload failed: ./state.json to s3://toke-test-programs/worker-2/state.json An error occurred (AccessDenied) when calling the PutObject operation: Access Denied
2026-05-27 11:39:33,549 [INFO] Processing MSG-071: Message queue topic partitioning
2026-05-27 11:39:38,336 [WARNING] MSG-071: FAILED on first attempt (baseline mode, no repair)
2026-05-27 11:39:38,640 [INFO] Processing MSG-079: Contact discovery via hashed identifiers
2026-05-27 11:39:43,457 [WARNING] MSG-079: FAILED on first attempt (baseline mode, no repair)
2026-05-27 11:39:43,778 [INFO] Processing MSG-089: Conversation encryption renegotiation
2026-05-27 11:39:48,707 [WARNING] MSG-089: FAILED on first attempt (baseline mode, no repair)
2026-05-27 11:39:49,015 [INFO] Processing MSG-094: Multi-recipient message encryption (MLS-style)
2026-05-27 11:39:53,997 [WARNING] MSG-094: FAILED on first attempt (baseline mode, no repair)
2026-05-27 11:39:54,360 [INFO] Processing MSG-096: Encrypted file attachment metadata
2026-05-27 11:40:01,455 [WARNING] MSG-096: FAILED on first attempt (baseline mode, no repair)
2026-05-27 11:40:01,845 [INFO] Processing MSG-098: Message queue backpressure calculation
2026-05-27 11:40:06,569 [WARNING] MSG-098: FAILED on first attempt (baseline mode, no repair)
2026-05-27 11:40:06,884 [INFO] Processing MSG-105: Chat message edit history tracking
2026-05-27 11:40:11,010 [WARNING] MSG-105: FAILED on first attempt (baseline mode, no repair)
2026-05-27 11:40:11,327 [INFO] Processing MSG-107: Secure deletion with overwrite verification
2026-05-27 11:40:16,192 [WARNING] MSG-107: FAILED on first attempt (baseline mode, no repair)
2026-05-27 11:40:16,525 [INFO] Processing MSG-108: Message queue consumer heartbeat monitoring
2026-05-27 11:40:23,791 [WARNING] MSG-108: FAILED on first attempt (baseline mode, no repair)
2026-05-27 11:40:24,132 [WARNING] Category 'messaging' halted: success rate 0.0% (0/20) is below 10% threshold. Stats: {"attempted": 20, "passed": 0, "failed": 20, "skipped": 0, "errors_compile_error": 17, "errors_build_error": 3}
2026-05-27 11:40:24,132 [INFO] Moving to next category. 'messaging' final stats: attempted=20, passed=0, failed=20, skipped=0
2026-05-27 11:40:24,137 [INFO] Processing CRY-003: MD5 Hash (Legacy)
2026-05-27 11:40:29,000 [WARNING] CRY-003: FAILED on first attempt (baseline mode, no repair)
2026-05-27 11:40:29,329 [INFO] Processing CRY-007: Hex Encode
2026-05-27 11:40:34,184 [WARNING] CRY-007: FAILED on first attempt (baseline mode, no repair)
2026-05-27 11:40:34,519 [INFO] Processing CRY-008: Hex Decode
2026-05-27 11:40:41,982 [WARNING] CRY-008: FAILED on first attempt (baseline mode, no repair)
2026-05-27 11:40:42,294 [INFO] Processing CRY-015: SHA3-256 Hash
2026-05-27 11:40:44,609 [WARNING] CRY-015: FAILED on first attempt (baseline mode, no repair)
2026-05-27 11:40:44,930 [INFO] Processing CRY-016: PBKDF2 Key Derivation
2026-05-27 11:40:52,166 [WARNING] CRY-016: FAILED on first attempt (baseline mode, no repair)
2026-05-27 11:40:52,495 [INFO] Processing CRY-017: Scrypt Key Derivation
2026-05-27 11:40:57,384 [WARNING] CRY-017: FAILED on first attempt (baseline mode, no repair)
2026-05-27 11:40:57,698 [INFO] Processing CRY-018: Argon2id Password Hash
2026-05-27 11:41:00,439 [WARNING] CRY-018: FAILED on first attempt (baseline mode, no repair)
2026-05-27 11:41:00,759 [INFO] Processing CRY-024: AES-256-GCM Decrypt
2026-05-27 11:41:05,772 [WARNING] CRY-024: FAILED on first attempt (baseline mode, no repair)
2026-05-27 11:41:06,087 [INFO] Processing CRY-031: ECDSA Verify
2026-05-27 11:41:10,984 [WARNING] CRY-031: FAILED on first attempt (baseline mode, no repair)
2026-05-27 11:41:11,305 [INFO] Processing CRY-041: Bitcoin Address from Public Key
2026-05-27 11:41:16,316 [WARNING] CRY-041: FAILED on first attempt (baseline mode, no repair)
2026-05-27 11:41:16,646 [INFO] Processing CRY-043: WIF Private Key Encoding
2026-05-27 11:41:21,578 [WARNING] CRY-043: FAILED on first attempt (baseline mode, no repair)
2026-05-27 11:41:21,902 [INFO] Processing CRY-056: ERC-20 Allowance and TransferFrom
2026-05-27 11:41:26,413 [WARNING] CRY-056: FAILED on first attempt (baseline mode, no repair)
2026-05-27 11:41:26,733 [INFO] Processing CRY-062: Shamir Secret Sharing - Split
2026-05-27 11:41:31,781 [WARNING] CRY-062: FAILED on first attempt (baseline mode, no repair)
2026-05-27 11:41:32,099 [INFO] Processing CRY-075: Event Log Emission
2026-05-27 11:41:35,776 [WARNING] CRY-075: FAILED on first attempt (baseline mode, no repair)
2026-05-27 11:41:36,102 [INFO] Processing CRY-079: Commitment Scheme (Hash-Based)
2026-05-27 11:41:40,138 [WARNING] CRY-079: FAILED on first attempt (baseline mode, no repair)
2026-05-27 11:41:40,455 [INFO] Processing CRY-085: Coin Mixing Simulation
2026-05-27 11:41:47,546 [WARNING] CRY-085: FAILED on first attempt (baseline mode, no repair)
2026-05-27 11:41:47,855 [INFO] Processing CRY-086: Wallet Balance from Explorer Data
2026-05-27 11:41:52,818 [WARNING] CRY-086: FAILED on first attempt (baseline mode, no repair)
2026-05-27 11:41:53,146 [INFO] Processing CRY-093: Staking Reward Calculator
2026-05-27 11:41:59,997 [WARNING] CRY-093: FAILED on first attempt (baseline mode, no repair)
2026-05-27 11:42:00,537 [INFO] Processing CRY-097: Flash Loan Simulation
2026-05-27 11:42:03,402 [WARNING] CRY-097: FAILED on first attempt (baseline mode, no repair)
2026-05-27 11:42:03,881 [INFO] Processing CRY-112: Password Strength Scorer
2026-05-27 11:42:06,910 [WARNING] CRY-112: FAILED on first attempt (baseline mode, no repair)
2026-05-27 11:42:07,258 [WARNING] Category 'crypto-blockchain' halted: success rate 0.0% (0/20) is below 10% threshold. Stats: {"attempted": 20, "passed": 0, "failed": 20, "skipped": 0, "errors_compile_error": 16, "errors_build_error": 3, "errors_runtime_error": 1}
2026-05-27 11:42:07,258 [INFO] Moving to next category. 'crypto-blockchain' final stats: attempted=20, passed=0, failed=20, skipped=0
2026-05-27 11:42:07,268 [INFO] Processing MFG-003: Specification Limit Check
2026-05-27 11:42:14,043 [WARNING] MFG-003: FAILED on first attempt (baseline mode, no repair)
2026-05-27 11:42:14,376 [INFO] Processing MFG-006: X-bar Chart Values
2026-05-27 11:42:19,059 [WARNING] MFG-006: FAILED on first attempt (baseline mode, no repair)
2026-05-27 11:42:19,418 [INFO] Processing MFG-007: R Chart Values
2026-05-27 11:42:24,333 [WARNING] MFG-007: FAILED on first attempt (baseline mode, no repair)
2026-05-27 11:42:24,661 [INFO] Processing MFG-010: EWMA Chart
2026-05-27 11:42:27,668 [WARNING] MFG-010: FAILED on first attempt (baseline mode, no repair)
2026-05-27 11:42:27,990 [INFO] Processing MFG-018: Defects Per Million Opportunities
2026-05-27 11:42:32,934 [WARNING] MFG-018: FAILED on first attempt (baseline mode, no repair)
2026-05-27 11:42:33,241 [INFO] Processing MFG-023: kNN Classification
2026-05-27 11:42:38,162 [WARNING] MFG-023: FAILED on first attempt (baseline mode, no repair)
2026-05-27 11:42:38,492 [INFO] Processing MFG-043: Normal Distribution Fit Test
2026-05-27 11:42:43,338 [WARNING] MFG-043: FAILED on first attempt (baseline mode, no repair)
2026-05-27 11:42:43,679 [INFO] Processing MFG-047: Attribute Control Chart (c-chart)
2026-05-27 11:42:48,506 [WARNING] MFG-047: FAILED on first attempt (baseline mode, no repair)
2026-05-27 11:42:48,839 [INFO] Processing MFG-055: Gradient Descent Optimiser
2026-05-27 11:42:53,917 [WARNING] MFG-055: FAILED on first attempt (baseline mode, no repair)
2026-05-27 11:42:54,245 [INFO] Processing MFG-059: Feature Importance Ranking
2026-05-27 11:42:56,520 [WARNING] MFG-059: FAILED on first attempt (baseline mode, no repair)
2026-05-27 11:42:56,843 [INFO] Processing MFG-067: Silhouette Score for Clustering
2026-05-27 11:43:01,939 [WARNING] MFG-067: FAILED on first attempt (baseline mode, no repair)
2026-05-27 11:43:02,377 [INFO] Processing MFG-073: Lot Traceability Report
2026-05-27 11:43:07,282 [WARNING] MFG-073: FAILED on first attempt (baseline mode, no repair)
2026-05-27 11:43:07,601 [INFO] Processing MFG-079: SPC Dashboard Summary
2026-05-27 11:43:12,643 [WARNING] MFG-079: FAILED on first attempt (baseline mode, no repair)
2026-05-27 11:43:12,988 [INFO] Processing MFG-086: Process Capability Study Report
2026-05-27 11:43:17,993 [WARNING] MFG-086: FAILED on first attempt (baseline mode, no repair)
2026-05-27 11:43:18,336 [INFO] Processing MFG-100: Taguchi Signal-to-Noise Ratio
2026-05-27 11:43:26,398 [WARNING] MFG-100: FAILED on first attempt (baseline mode, no repair)
2026-05-27 11:43:26,713 [INFO] Processing MFG-130: Data Imputation for Missing Sensors
2026-05-27 11:43:31,764 [WARNING] MFG-130: FAILED on first attempt (baseline mode, no repair)
2026-05-27 11:43:32,079 [INFO] Processing MFG-135: Digital Twin Deviation Score
2026-05-27 11:43:35,179 [WARNING] MFG-135: FAILED on first attempt (baseline mode, no repair)
2026-05-27 11:43:35,504 [INFO] Processing NET-008: JWT Authentication Middleware Server
2026-05-27 11:43:40,441 [WARNING] NET-008: FAILED on first attempt (baseline mode, no repair)
2026-05-27 11:43:40,776 [INFO] Processing NET-010: Session-Based Authentication Server
2026-05-27 11:43:45,700 [WARNING] NET-010: FAILED on first attempt (baseline mode, no repair)
2026-05-27 11:43:46,023 [INFO] Processing NET-015: 404 Not Found Error Handler
2026-05-27 11:43:51,058 [WARNING] NET-015: FAILED on first attempt (baseline mode, no repair)
2026-05-27 11:43:51,399 [INFO] Processing NET-016: 500 Internal Server Error Handler
2026-05-27 11:43:54,686 [WARNING] NET-016: FAILED on first attempt (baseline mode, no repair)
2026-05-27 11:43:54,998 [INFO] Periodic S3 sync at 250 programs...
2026-05-27 11:43:54,998 [INFO] Syncing solutions to s3://toke-test-programs/worker-2/
fatal error: An error occurred (AccessDenied) when calling the ListObjectsV2 operation: Access Denied
upload failed: ./state.json to s3://toke-test-programs/worker-2/state.json An error occurred (AccessDenied) when calling the PutObject operation: Access Denied
2026-05-27 11:43:56,246 [INFO] Processing NET-020: TTL Cache Server
2026-05-27 11:44:01,195 [WARNING] NET-020: FAILED on first attempt (baseline mode, no repair)
2026-05-27 11:44:01,555 [INFO] Processing NET-024: Server-Sent Events (SSE) Server
2026-05-27 11:44:06,523 [WARNING] NET-024: FAILED on first attempt (baseline mode, no repair)
2026-05-27 11:44:06,843 [INFO] Processing NET-026: File Download Server
2026-05-27 11:44:11,720 [WARNING] NET-026: FAILED on first attempt (baseline mode, no repair)
2026-05-27 11:44:12,043 [INFO] Processing NET-029: API Versioning Server (URL Path)
2026-05-27 11:44:16,817 [WARNING] NET-029: FAILED on first attempt (baseline mode, no repair)
2026-05-27 11:44:17,172 [INFO] Processing NET-032: Webhook Dispatcher Server
2026-05-27 11:44:22,037 [WARNING] NET-032: FAILED on first attempt (baseline mode, no repair)
2026-05-27 11:44:22,351 [INFO] Processing NET-035: Load Balancer Server (Round Robin)
2026-05-27 11:44:27,356 [WARNING] NET-035: FAILED on first attempt (baseline mode, no repair)
2026-05-27 11:44:27,682 [INFO] Processing NET-039: Body Size Limit Middleware Server
2026-05-27 11:44:32,484 [WARNING] NET-039: FAILED on first attempt (baseline mode, no repair)
2026-05-27 11:44:32,790 [INFO] Processing NET-043: Static File Server
2026-05-27 11:44:37,803 [WARNING] NET-043: FAILED on first attempt (baseline mode, no repair)
2026-05-27 11:44:38,121 [INFO] Processing NET-047: Server-Side Search API
2026-05-27 11:44:43,213 [WARNING] NET-047: FAILED on first attempt (baseline mode, no repair)
2026-05-27 11:44:43,527 [INFO] Processing NET-049: Long Polling Server
2026-05-27 11:44:50,975 [WARNING] NET-049: FAILED on first attempt (baseline mode, no repair)
2026-05-27 11:44:51,280 [INFO] Processing NET-053: Streaming JSON Response Server
2026-05-27 11:44:55,689 [WARNING] NET-053: FAILED on first attempt (baseline mode, no repair)
2026-05-27 11:44:56,013 [INFO] Processing NET-058: Multipart Form Data Parser Server
2026-05-27 11:44:59,431 [WARNING] NET-058: FAILED on first attempt (baseline mode, no repair)
2026-05-27 11:44:59,754 [INFO] Processing NET-066: Event Sourcing API Server
2026-05-27 11:45:06,632 [WARNING] NET-066: FAILED on first attempt (baseline mode, no repair)
2026-05-27 11:45:06,943 [INFO] Processing NET-072: WebSocket Binary Protocol Server
2026-05-27 11:45:11,059 [WARNING] NET-072: FAILED on first attempt (baseline mode, no repair)
2026-05-27 11:45:11,402 [INFO] Processing NET-073: IP Allowlist Middleware Server
2026-05-27 11:45:16,407 [WARNING] NET-073: FAILED on first attempt (baseline mode, no repair)
2026-05-27 11:45:16,735 [INFO] Processing NET-075: API Gateway with Route Config Server
2026-05-27 11:45:21,151 [WARNING] NET-075: FAILED on first attempt (baseline mode, no repair)
2026-05-27 11:45:21,476 [WARNING] Category 'networking-rest' halted: success rate 0.0% (0/20) is below 10% threshold. Stats: {"attempted": 20, "passed": 0, "failed": 20, "skipped": 0, "errors_compile_error": 18, "errors_runtime_error": 2}
2026-05-27 11:45:21,478 [INFO] Moving to next category. 'networking-rest' final stats: attempted=20, passed=0, failed=20, skipped=0
2026-05-27 11:45:21,511 [INFO] Processing SOC-017: Create media post
2026-05-27 11:45:23,489 [WARNING] SOC-017: FAILED on first attempt (baseline mode, no repair)
2026-05-27 11:45:23,822 [INFO] Processing SOC-021: Create poll post
2026-05-27 11:45:30,486 [WARNING] SOC-021: FAILED on first attempt (baseline mode, no repair)
2026-05-27 11:45:30,812 [INFO] Processing SOC-024: Pin post to profile
2026-05-27 11:45:34,278 [WARNING] SOC-024: FAILED on first attempt (baseline mode, no repair)
2026-05-27 11:45:34,617 [INFO] Processing SOC-025: Get user posts timeline
2026-05-27 11:45:39,610 [WARNING] SOC-025: FAILED on first attempt (baseline mode, no repair)
2026-05-27 11:45:39,933 [INFO] Processing SOC-029: Content warning label
2026-05-27 11:45:48,180 [WARNING] SOC-029: FAILED on first attempt (baseline mode, no repair)
2026-05-27 11:45:48,498 [INFO] Processing SOC-034: Tag feed
2026-05-27 11:45:51,369 [WARNING] SOC-034: FAILED on first attempt (baseline mode, no repair)
2026-05-27 11:45:51,685 [INFO] Processing SOC-036: Mentions feed
2026-05-27 11:45:56,603 [WARNING] SOC-036: FAILED on first attempt (baseline mode, no repair)
2026-05-27 11:45:56,936 [INFO] Processing SOC-059: Create comment
2026-05-27 11:46:05,330 [WARNING] SOC-059: FAILED on first attempt (baseline mode, no repair)
2026-05-27 11:46:05,650 [INFO] Processing SOC-063: Edit comment
2026-05-27 11:46:07,508 [WARNING] SOC-063: FAILED on first attempt (baseline mode, no repair)
2026-05-27 11:46:07,824 [INFO] Processing SOC-065: Get comment thread
2026-05-27 11:46:09,688 [WARNING] SOC-065: FAILED on first attempt (baseline mode, no repair)
2026-05-27 11:46:10,004 [INFO] Processing SOC-076: Follow suggestions
2026-05-27 11:46:15,106 [WARNING] SOC-076: FAILED on first attempt (baseline mode, no repair)
2026-05-27 11:46:15,442 [INFO] Processing SOC-078: Accept/reject follow request
2026-05-27 11:46:21,249 [WARNING] SOC-078: FAILED on first attempt (baseline mode, no repair)
2026-05-27 11:46:21,564 [INFO] Processing SOC-081: Relationship status check
2026-05-27 11:46:25,168 [WARNING] SOC-081: FAILED on first attempt (baseline mode, no repair)
2026-05-27 11:46:25,473 [INFO] Processing SOC-089: Clear search history
2026-05-27 11:46:29,976 [WARNING] SOC-089: FAILED on first attempt (baseline mode, no repair)
2026-05-27 11:46:30,305 [INFO] Processing SOC-093: Trending searches
2026-05-27 11:46:32,824 [WARNING] SOC-093: FAILED on first attempt (baseline mode, no repair)
2026-05-27 11:46:33,151 [INFO] Processing SOC-097: Push notification registration
2026-05-27 11:46:37,711 [WARNING] SOC-097: FAILED on first attempt (baseline mode, no repair)
2026-05-27 11:46:38,027 [INFO] Processing SOC-101: Notification snooze
2026-05-27 11:46:44,209 [WARNING] SOC-101: FAILED on first attempt (baseline mode, no repair)
2026-05-27 11:46:44,534 [INFO] Processing SOC-104: Review reported content
2026-05-27 11:46:52,082 [WARNING] SOC-104: FAILED on first attempt (baseline mode, no repair)
2026-05-27 11:46:52,417 [INFO] Processing SOC-105: Take moderation action
2026-05-27 11:46:54,858 [WARNING] SOC-105: FAILED on first attempt (baseline mode, no repair)
2026-05-27 11:46:55,209 [INFO] Processing SOC-110: Bulk content removal
2026-05-27 11:47:02,533 [WARNING] SOC-110: FAILED on first attempt (baseline mode, no repair)
2026-05-27 11:47:02,968 [WARNING] Category 'social-media' halted: success rate 0.0% (0/20) is below 10% threshold. Stats: {"attempted": 20, "passed": 0, "failed": 20, "skipped": 0, "errors_compile_error": 13, "errors_runtime_error": 2, "errors_build_error": 5}
2026-05-27 11:47:02,969 [INFO] Moving to next category. 'social-media' final stats: attempted=20, passed=0, failed=20, skipped=0
2026-05-27 11:47:03,018 [INFO] Processing AIA-001: Single tool dispatch
2026-05-27 11:47:07,858 [WARNING] AIA-001: FAILED on first attempt (baseline mode, no repair)
2026-05-27 11:47:08,172 [INFO] Processing AIA-002: Multi-tool chain
2026-05-27 11:47:11,571 [WARNING] AIA-002: FAILED on first attempt (baseline mode, no repair)
2026-05-27 11:47:11,888 [INFO] Processing AIA-004: Tool result formatting
2026-05-27 11:47:19,888 [WARNING] AIA-004: FAILED on first attempt (baseline mode, no repair)
2026-05-27 11:47:20,217 [INFO] Processing AIA-010: Tool permission checker
2026-05-27 11:47:23,488 [WARNING] AIA-010: FAILED on first attempt (baseline mode, no repair)
2026-05-27 11:47:23,806 [INFO] Processing AIA-011: Tool call deduplication
2026-05-27 11:47:28,703 [WARNING] AIA-011: FAILED on first attempt (baseline mode, no repair)
2026-05-27 11:47:29,016 [INFO] Processing AIA-022: Document metadata extractor for indexing
2026-05-27 11:47:32,953 [WARNING] AIA-022: FAILED on first attempt (baseline mode, no repair)
2026-05-27 11:47:33,307 [INFO] Processing AIA-027: Source deduplication for RAG
2026-05-27 11:47:37,817 [WARNING] AIA-027: FAILED on first attempt (baseline mode, no repair)
2026-05-27 11:47:38,143 [INFO] Processing AIA-033: Spam detection
2026-05-27 11:47:48,898 [WARNING] AIA-033: FAILED on first attempt (baseline mode, no repair)
2026-05-27 11:47:49,211 [INFO] Processing AIA-035: Language detection
2026-05-27 11:47:56,684 [WARNING] AIA-035: FAILED on first attempt (baseline mode, no repair)
2026-05-27 11:47:56,995 [INFO] Processing AIA-040: Code language detection
2026-05-27 11:48:05,301 [WARNING] AIA-040: FAILED on first attempt (baseline mode, no repair)
2026-05-27 11:48:05,633 [INFO] Processing AIA-046: Named entity extraction
2026-05-27 11:48:10,569 [WARNING] AIA-046: FAILED on first attempt (baseline mode, no repair)
2026-05-27 11:48:10,901 [INFO] Processing AIA-052: Action item extraction
2026-05-27 11:48:18,792 [WARNING] AIA-052: FAILED on first attempt (baseline mode, no repair)
2026-05-27 11:48:19,112 [INFO] Processing AIA-060: Financial data extraction
2026-05-27 11:48:23,919 [WARNING] AIA-060: FAILED on first attempt (baseline mode, no repair)
2026-05-27 11:48:24,241 [INFO] Processing AIA-062: Multi-document summary
2026-05-27 11:48:29,225 [WARNING] AIA-062: FAILED on first attempt (baseline mode, no repair)
2026-05-27 11:48:29,567 [INFO] Periodic S3 sync at 300 programs...
2026-05-27 11:48:29,567 [INFO] Syncing solutions to s3://toke-test-programs/worker-2/
fatal error: An error occurred (AccessDenied) when calling the ListObjectsV2 operation: Access Denied
upload failed: ./state.json to s3://toke-test-programs/worker-2/state.json An error occurred (AccessDenied) when calling the PutObject operation: Access Denied
2026-05-27 11:48:30,820 [INFO] Processing AIA-064: Bullet point summary
2026-05-27 11:48:37,540 [WARNING] AIA-064: FAILED on first attempt (baseline mode, no repair)
2026-05-27 11:48:37,847 [INFO] Processing AIA-065: Executive summary generator
2026-05-27 11:48:46,767 [WARNING] AIA-065: FAILED on first attempt (baseline mode, no repair)
2026-05-27 11:48:47,083 [INFO] Processing AIA-067: Thread summariser
2026-05-27 11:48:49,030 [WARNING] AIA-067: FAILED on first attempt (baseline mode, no repair)
2026-05-27 11:48:49,367 [INFO] Processing AIA-072: Summary quality evaluator
2026-05-27 11:48:54,275 [WARNING] AIA-072: FAILED on first attempt (baseline mode, no repair)
2026-05-27 11:48:54,611 [INFO] Processing AIA-077: Glossary-constrained translation
2026-05-27 11:49:02,998 [WARNING] AIA-077: FAILED on first attempt (baseline mode, no repair)
2026-05-27 11:49:03,362 [INFO] Processing AIA-083: Code review agent
2026-05-27 11:49:12,078 [WARNING] AIA-083: FAILED on first attempt (baseline mode, no repair)
2026-05-27 11:49:12,413 [WARNING] Category 'ai-agents' halted: success rate 0.0% (0/20) is below 10% threshold. Stats: {"attempted": 20, "passed": 0, "failed": 20, "skipped": 0, "errors_compile_error": 11, "errors_build_error": 6, "errors_runtime_error": 3}
2026-05-27 11:49:12,414 [INFO] Moving to next category. 'ai-agents' final stats: attempted=20, passed=0, failed=20, skipped=0
2026-05-27 11:49:12,422 [INFO] Worker 2 complete. Passed: 52, Failed: 254, Skipped: 104
2026-05-27 11:49:12,423 [INFO] Syncing solutions to s3://toke-test-programs/worker-2/
fatal error: An error occurred (AccessDenied) when calling the ListObjectsV2 operation: Access Denied
upload failed: ./state.json to s3://toke-test-programs/worker-2/state.json An error occurred (AccessDenied) when calling the PutObject operation: Access Denied
2026-05-27 11:49:13,724 [INFO] All work complete. Stopping instance.
