2026-05-27 11:28:59,181 [INFO] Worker 5/5 starting in baseline mode
2026-05-27 11:28:59,182 [INFO] Worker 5/5 starting
2026-05-27 11:29:03,851 [INFO] Loaded 2065 total requirements
2026-05-27 11:29:03,855 [INFO] This worker handles 433 requirements
2026-05-27 11:29:03,855 [INFO] Category order: calculators-finance, education, scientific-math, devtools, media-content, data-processing, system-tools, games, security, messaging, crypto-blockchain, manufacturing-ml, networking-rest, social-media, ai-agents
2026-05-27 11:29:03,857 [INFO] FIN-004: Verified solution exists, skipping
2026-05-27 11:29:03,858 [INFO] Processing FIN-006: Base Converter
2026-05-27 11:29:07,398 [WARNING] FIN-006: FAILED on first attempt (baseline mode, no repair)
2026-05-27 11:29:07,713 [INFO] Processing FIN-011: Compound Interest Calculator
2026-05-27 11:29:10,558 [WARNING] FIN-011: FAILED on first attempt (baseline mode, no repair)
2026-05-27 11:29:10,877 [INFO] Processing FIN-014: Net Present Value (NPV)
2026-05-27 11:29:17,658 [WARNING] FIN-014: FAILED on first attempt (baseline mode, no repair)
2026-05-27 11:29:17,976 [INFO] Processing FIN-018: Simple Interest Calculator
2026-05-27 11:29:20,592 [WARNING] FIN-018: FAILED on first attempt (baseline mode, no repair)
2026-05-27 11:29:20,937 [INFO] Processing FIN-027: PAYG Withholding Lookup
2026-05-27 11:29:23,432 [WARNING] FIN-027: FAILED on first attempt (baseline mode, no repair)
2026-05-27 11:29:23,770 [INFO] Processing FIN-028: Sales Tax Multi-Item
2026-05-27 11:29:30,611 [WARNING] FIN-028: FAILED on first attempt (baseline mode, no repair)
2026-05-27 11:29:31,017 [INFO] Processing FIN-030: Triangular Arbitrage Detector
2026-05-27 11:29:35,940 [WARNING] FIN-030: FAILED on first attempt (baseline mode, no repair)
2026-05-27 11:29:36,248 [INFO] Processing FIN-036: Speed Converter
2026-05-27 11:29:41,068 [WARNING] FIN-036: FAILED on first attempt (baseline mode, no repair)
2026-05-27 11:29:41,411 [INFO] Processing FIN-037: Pressure Converter
2026-05-27 11:29:46,330 [WARNING] FIN-037: FAILED on first attempt (baseline mode, no repair)
2026-05-27 11:29:46,672 [INFO] Processing FIN-041: Mean Calculator
2026-05-27 11:29:49,099 [WARNING] FIN-041: FAILED on first attempt (baseline mode, no repair)
2026-05-27 11:29:49,462 [INFO] Processing FIN-042: Median Calculator
2026-05-27 11:29:53,422 [WARNING] FIN-042: FAILED on first attempt (baseline mode, no repair)
2026-05-27 11:29:53,759 [INFO] Processing FIN-050: Weighted Mean
2026-05-27 11:30:00,796 [WARNING] FIN-050: FAILED on first attempt (baseline mode, no repair)
2026-05-27 11:30:01,123 [INFO] Processing FIN-052: Five-Number Summary
2026-05-27 11:30:06,104 [WARNING] FIN-052: FAILED on first attempt (baseline mode, no repair)
2026-05-27 11:30:06,449 [INFO] Processing FIN-054: Polynomial Fit (Degree 2)
2026-05-27 11:30:11,128 [WARNING] FIN-054: FAILED on first attempt (baseline mode, no repair)
2026-05-27 11:30:11,451 [INFO] Processing FIN-059: Category Breakdown
2026-05-27 11:30:16,371 [WARNING] FIN-059: FAILED on first attempt (baseline mode, no repair)
2026-05-27 11:30:16,726 [INFO] Processing FIN-065: Dollar-Cost Averaging Simulator
2026-05-27 11:30:20,574 [WARNING] FIN-065: FAILED on first attempt (baseline mode, no repair)
2026-05-27 11:30:20,907 [INFO] Processing FIN-066: CAGR Calculator
2026-05-27 11:30:27,553 [WARNING] FIN-066: FAILED on first attempt (baseline mode, no repair)
2026-05-27 11:30:27,895 [INFO] Processing FIN-070: Double-Entry Ledger
2026-05-27 11:30:33,030 [WARNING] FIN-070: FAILED on first attempt (baseline mode, no repair)
2026-05-27 11:30:33,374 [INFO] Processing FIN-071: Trial Balance
2026-05-27 11:30:38,554 [WARNING] FIN-071: FAILED on first attempt (baseline mode, no repair)
2026-05-27 11:30:38,857 [INFO] Processing FIN-073: Balance Sheet
2026-05-27 11:30:44,709 [WARNING] FIN-073: FAILED on first attempt (baseline mode, no repair)
2026-05-27 11:30:45,064 [WARNING] Category 'calculators-finance' halted: success rate 0.0% (0/20) is below 10% threshold. Stats: {"attempted": 20, "passed": 0, "failed": 20, "skipped": 0, "errors_compile_error": 15, "errors_build_error": 4, "errors_runtime_error": 1}
2026-05-27 11:30:45,064 [INFO] Moving to next category. 'calculators-finance' final stats: attempted=20, passed=0, failed=20, skipped=0
2026-05-27 11:30:45,075 [INFO] Processing EDU-005: Flashcard SRS Simulator
2026-05-27 11:30:50,047 [WARNING] EDU-005: FAILED on first attempt (baseline mode, no repair)
2026-05-27 11:30:50,363 [INFO] Processing EDU-017: Exam Timer
2026-05-27 11:30:55,286 [WARNING] EDU-017: FAILED on first attempt (baseline mode, no repair)
2026-05-27 11:30:55,614 [INFO] Processing EDU-022: Spaced Repetition Due Date Calculator
2026-05-27 11:31:00,570 [WARNING] EDU-022: FAILED on first attempt (baseline mode, no repair)
2026-05-27 11:31:00,902 [INFO] Processing EDU-024: Group Randomiser
2026-05-27 11:31:05,889 [WARNING] EDU-024: FAILED on first attempt (baseline mode, no repair)
2026-05-27 11:31:06,224 [INFO] Processing EDU-027: Homework Deadline Reminder
2026-05-27 11:31:11,202 [WARNING] EDU-027: FAILED on first attempt (baseline mode, no repair)
2026-05-27 11:31:11,536 [INFO] Processing EDU-030: Semester GPA Tracker
2026-05-27 11:31:16,530 [WARNING] EDU-030: FAILED on first attempt (baseline mode, no repair)
2026-05-27 11:31:16,844 [INFO] Processing EDU-032: Reading Time Estimator
2026-05-27 11:31:23,287 [WARNING] EDU-032: FAILED on first attempt (baseline mode, no repair)
2026-05-27 11:31:23,636 [INFO] Processing EDU-033: Anki Export Formatter
2026-05-27 11:31:32,416 [WARNING] EDU-033: FAILED on first attempt (baseline mode, no repair)
2026-05-27 11:31:32,738 [INFO] Processing EDU-034: Lecture Note Formatter
2026-05-27 11:31:37,494 [WARNING] EDU-034: FAILED on first attempt (baseline mode, no repair)
2026-05-27 11:31:37,816 [INFO] Processing EDU-035: Practice Test Generator
2026-05-27 11:31:42,204 [WARNING] EDU-035: FAILED on first attempt (baseline mode, no repair)
2026-05-27 11:31:42,542 [INFO] Processing EDU-036: Topic Mind Map Text Generator
2026-05-27 11:31:47,178 [WARNING] EDU-036: FAILED on first attempt (baseline mode, no repair)
2026-05-27 11:31:47,498 [INFO] Processing EDU-042: Test Score Normaliser
2026-05-27 11:31:51,719 [WARNING] EDU-042: FAILED on first attempt (baseline mode, no repair)
2026-05-27 11:31:52,059 [INFO] Processing EDU-045: Student Feedback Aggregator
2026-05-27 11:31:56,968 [WARNING] EDU-045: FAILED on first attempt (baseline mode, no repair)
2026-05-27 11:31:57,307 [INFO] Processing EDU-054: Daily Review Queue Builder
2026-05-27 11:32:00,435 [WARNING] EDU-054: FAILED on first attempt (baseline mode, no repair)
2026-05-27 11:32:00,768 [INFO] Processing EDU-066: Revision Schedule Generator
2026-05-27 11:32:03,821 [WARNING] EDU-066: FAILED on first attempt (baseline mode, no repair)
2026-05-27 11:32:04,136 [INFO] Processing EDU-068: Jigsaw Group Activity Planner
2026-05-27 11:32:09,034 [WARNING] EDU-068: FAILED on first attempt (baseline mode, no repair)
2026-05-27 11:32:09,352 [INFO] Processing EDU-070: Error Analysis Report Generator
2026-05-27 11:32:14,203 [WARNING] EDU-070: FAILED on first attempt (baseline mode, no repair)
2026-05-27 11:32:14,517 [INFO] Processing EDU-081: Lab Report Formatter
2026-05-27 11:32:19,448 [WARNING] EDU-081: FAILED on first attempt (baseline mode, no repair)
2026-05-27 11:32:19,793 [INFO] Processing EDU-082: Student Goal Tracker
2026-05-27 11:32:22,073 [WARNING] EDU-082: FAILED on first attempt (baseline mode, no repair)
2026-05-27 11:32:22,393 [INFO] Processing EDU-093: Weekly Learning Summary
2026-05-27 11:32:27,419 [WARNING] EDU-093: FAILED on first attempt (baseline mode, no repair)
2026-05-27 11:32:27,749 [WARNING] Category 'education' halted: success rate 0.0% (0/20) is below 10% threshold. Stats: {"attempted": 20, "passed": 0, "failed": 20, "skipped": 0, "errors_compile_error": 18, "errors_runtime_error": 2}
2026-05-27 11:32:27,750 [INFO] Moving to next category. 'education' final stats: attempted=20, passed=0, failed=20, skipped=0
2026-05-27 11:32:27,754 [INFO] Processing SCI-001: Prime Sieve of Eratosthenes
2026-05-27 11:32:32,681 [WARNING] SCI-001: FAILED on first attempt (baseline mode, no repair)
2026-05-27 11:32:32,997 [INFO] Processing SCI-006: Gaussian Quadrature Integration
2026-05-27 11:32:37,928 [WARNING] SCI-006: FAILED on first attempt (baseline mode, no repair)
2026-05-27 11:32:38,247 [INFO] Processing SCI-007: Euler Method ODE Solver
2026-05-27 11:32:41,408 [WARNING] SCI-007: FAILED on first attempt (baseline mode, no repair)
2026-05-27 11:32:41,738 [INFO] Processing SCI-008: Runge-Kutta 4th Order ODE Solver
2026-05-27 11:32:44,963 [WARNING] SCI-008: FAILED on first attempt (baseline mode, no repair)
2026-05-27 11:32:45,302 [INFO] Processing SCI-010: Matrix Inverse (Gauss-Jordan)
2026-05-27 11:32:51,427 [WARNING] SCI-010: FAILED on first attempt (baseline mode, no repair)
2026-05-27 11:32:51,754 [INFO] Processing SCI-014: BFS (Graph Traversal)
2026-05-27 11:32:56,748 [WARNING] SCI-014: FAILED on first attempt (baseline mode, no repair)
2026-05-27 11:32:57,072 [INFO] Processing SCI-026: Selection Sort
2026-05-27 11:33:04,700 [WARNING] SCI-026: FAILED on first attempt (baseline mode, no repair)
2026-05-27 11:33:05,012 [INFO] Processing SCI-027: Merge Sort
2026-05-27 11:33:10,118 [WARNING] SCI-027: FAILED on first attempt (baseline mode, no repair)
2026-05-27 11:33:10,440 [INFO] Processing SCI-034: KMP String Search
2026-05-27 11:33:14,972 [WARNING] SCI-034: FAILED on first attempt (baseline mode, no repair)
2026-05-27 11:33:15,318 [INFO] Periodic S3 sync at 50 programs...
2026-05-27 11:33:15,319 [INFO] Syncing solutions to s3://toke-test-programs/worker-5/
2026-05-27 11:33:15,319 [WARNING] S3 sync skipped: [Errno 2] No such file or directory: 'aws'
2026-05-27 11:33:15,319 [INFO] Processing SCI-036: Levenshtein Edit Distance
2026-05-27 11:33:20,358 [WARNING] SCI-036: FAILED on first attempt (baseline mode, no repair)
2026-05-27 11:33:20,667 [INFO] Processing SCI-039: Permutations Generator
2026-05-27 11:33:25,581 [WARNING] SCI-039: FAILED on first attempt (baseline mode, no repair)
2026-05-27 11:33:25,892 [INFO] Processing SCI-050: Convex Hull (Graham Scan)
2026-05-27 11:33:30,816 [WARNING] SCI-050: FAILED on first attempt (baseline mode, no repair)
2026-05-27 11:33:31,127 [INFO] Processing SCI-051: Convex Hull (Jarvis March)
2026-05-27 11:33:36,141 [WARNING] SCI-051: FAILED on first attempt (baseline mode, no repair)
2026-05-27 11:33:36,483 [INFO] Processing SCI-053: Polygon Area and Perimeter
2026-05-27 11:33:41,441 [WARNING] SCI-053: FAILED on first attempt (baseline mode, no repair)
2026-05-27 11:33:41,771 [INFO] Processing SCI-055: Point in Polygon Test
2026-05-27 11:33:44,475 [WARNING] SCI-055: FAILED on first attempt (baseline mode, no repair)
2026-05-27 11:33:44,885 [INFO] Processing SCI-060: Discrete Fourier Transform (naive)
2026-05-27 11:33:50,373 [WARNING] SCI-060: FAILED on first attempt (baseline mode, no repair)
2026-05-27 11:33:50,702 [INFO] Processing SCI-062: Histogram Builder
2026-05-27 11:33:55,764 [WARNING] SCI-062: FAILED on first attempt (baseline mode, no repair)
2026-05-27 11:33:56,091 [INFO] Processing SCI-071: Monte Carlo Integration
2026-05-27 11:34:01,175 [WARNING] SCI-071: FAILED on first attempt (baseline mode, no repair)
2026-05-27 11:34:01,542 [INFO] Processing SCI-077: Josephus Problem
2026-05-27 11:34:08,605 [WARNING] SCI-077: FAILED on first attempt (baseline mode, no repair)
2026-05-27 11:34:08,929 [INFO] Processing SCI-079: Sudoku Solver
2026-05-27 11:34:13,916 [WARNING] SCI-079: FAILED on first attempt (baseline mode, no repair)
2026-05-27 11:34:14,217 [WARNING] Category 'scientific-math' halted: success rate 0.0% (0/20) is below 10% threshold. Stats: {"attempted": 20, "passed": 0, "failed": 20, "skipped": 0, "errors_compile_error": 17, "errors_build_error": 3}
2026-05-27 11:34:14,218 [INFO] Moving to next category. 'scientific-math' final stats: attempted=20, passed=0, failed=20, skipped=0
2026-05-27 11:34:14,227 [INFO] Processing DEV-012: Environment Checker
2026-05-27 11:34:19,109 [WARNING] DEV-012: FAILED on first attempt (baseline mode, no repair)
2026-05-27 11:34:19,452 [INFO] Processing DEV-019: Import Graph Generator
2026-05-27 11:34:23,186 [WARNING] DEV-019: FAILED on first attempt (baseline mode, no repair)
2026-05-27 11:34:23,520 [INFO] Processing DEV-023: Build Time Logger
2026-05-27 11:34:28,535 [WARNING] DEV-023: FAILED on first attempt (baseline mode, no repair)
2026-05-27 11:34:28,866 [INFO] Processing DEV-027: API Diff Tool
2026-05-27 11:34:33,901 [WARNING] DEV-027: FAILED on first attempt (baseline mode, no repair)
2026-05-27 11:34:34,219 [INFO] Processing DEV-028: JSON Schema Comparator
2026-05-27 11:34:39,165 [WARNING] DEV-028: FAILED on first attempt (baseline mode, no repair)
2026-05-27 11:34:39,475 [INFO] Processing DEV-036: JSON Path Extractor
2026-05-27 11:34:44,456 [WARNING] DEV-036: FAILED on first attempt (baseline mode, no repair)
2026-05-27 11:34:44,768 [INFO] Processing DEV-038: JSON to YAML Converter
2026-05-27 11:34:52,203 [WARNING] DEV-038: FAILED on first attempt (baseline mode, no repair)
2026-05-27 11:34:52,518 [INFO] Processing DEV-052: Test File Mapper
2026-05-27 11:34:58,742 [WARNING] DEV-052: FAILED on first attempt (baseline mode, no repair)
2026-05-27 11:34:59,062 [INFO] Processing DEV-053: API Endpoint Lister
2026-05-27 11:35:02,786 [WARNING] DEV-053: FAILED on first attempt (baseline mode, no repair)
2026-05-27 11:35:03,160 [INFO] Processing DEV-058: Cron Expression Parser
2026-05-27 11:35:08,153 [WARNING] DEV-058: FAILED on first attempt (baseline mode, no repair)
2026-05-27 11:35:08,727 [INFO] Processing DEV-059: HTTP Status Code Reference
2026-05-27 11:35:13,522 [WARNING] DEV-059: FAILED on first attempt (baseline mode, no repair)
2026-05-27 11:35:13,845 [INFO] Processing DEV-060: Port Scanner (localhost)
2026-05-27 11:35:18,695 [WARNING] DEV-060: FAILED on first attempt (baseline mode, no repair)
2026-05-27 11:35:19,021 [INFO] Processing DEV-066: Unused Variable Detector
2026-05-27 11:35:23,874 [WARNING] DEV-066: FAILED on first attempt (baseline mode, no repair)
2026-05-27 11:35:24,192 [INFO] Processing DEV-067: File Extension Stats
2026-05-27 11:35:29,093 [WARNING] DEV-067: FAILED on first attempt (baseline mode, no repair)
2026-05-27 11:35:29,402 [INFO] Processing DEV-068: License Identifier
2026-05-27 11:35:34,392 [WARNING] DEV-068: FAILED on first attempt (baseline mode, no repair)
2026-05-27 11:35:34,724 [INFO] Processing DEV-071: Error Rate Calculator
2026-05-27 11:35:38,729 [WARNING] DEV-071: FAILED on first attempt (baseline mode, no repair)
2026-05-27 11:35:39,056 [INFO] Processing DEV-078: Code Metrics Dashboard
2026-05-27 11:35:43,379 [WARNING] DEV-078: FAILED on first attempt (baseline mode, no repair)
2026-05-27 11:35:43,704 [INFO] Processing DEV-083: PR Review Checklist Generator
2026-05-27 11:35:52,553 [WARNING] DEV-083: FAILED on first attempt (baseline mode, no repair)
2026-05-27 11:35:52,874 [INFO] Processing DEV-086: Feature Flag Config Generator
2026-05-27 11:35:56,652 [WARNING] DEV-086: FAILED on first attempt (baseline mode, no repair)
2026-05-27 11:35:56,975 [INFO] Processing DEV-090: CI Pipeline Duration Analyser
2026-05-27 11:36:01,791 [WARNING] DEV-090: FAILED on first attempt (baseline mode, no repair)
2026-05-27 11:36:02,311 [WARNING] Category 'devtools' halted: success rate 0.0% (0/20) is below 10% threshold. Stats: {"attempted": 20, "passed": 0, "failed": 20, "skipped": 0, "errors_compile_error": 17, "errors_runtime_error": 1, "errors_build_error": 2}
2026-05-27 11:36:02,324 [INFO] Moving to next category. 'devtools' final stats: attempted=20, passed=0, failed=20, skipped=0
2026-05-27 11:36:02,387 [INFO] Processing MED-005: HTML Entity Encoder
2026-05-27 11:36:07,202 [WARNING] MED-005: FAILED on first attempt (baseline mode, no repair)
2026-05-27 11:36:07,523 [INFO] Processing MED-010: Spell Checker
2026-05-27 11:36:12,443 [WARNING] MED-010: FAILED on first attempt (baseline mode, no repair)
2026-05-27 11:36:12,774 [INFO] Processing MED-013: Sitemap Generator
2026-05-27 11:36:16,380 [WARNING] MED-013: FAILED on first attempt (baseline mode, no repair)
2026-05-27 11:36:16,696 [INFO] Processing MED-015: Tag Cloud Generator
2026-05-27 11:36:21,664 [WARNING] MED-015: FAILED on first attempt (baseline mode, no repair)
2026-05-27 11:36:22,000 [INFO] Processing MED-020: MLA Citation Formatter
2026-05-27 11:36:25,700 [WARNING] MED-020: FAILED on first attempt (baseline mode, no repair)
2026-05-27 11:36:26,031 [INFO] Processing MED-023: Word Frequency Analyser
2026-05-27 11:36:31,008 [WARNING] MED-023: FAILED on first attempt (baseline mode, no repair)
2026-05-27 11:36:31,317 [INFO] Processing MED-034: Markdown Bold/Italic Toggler
2026-05-27 11:36:34,639 [WARNING] MED-034: FAILED on first attempt (baseline mode, no repair)
2026-05-27 11:36:34,968 [INFO] Processing MED-036: Markdown Code Block Extractor
2026-05-27 11:36:39,307 [WARNING] MED-036: FAILED on first attempt (baseline mode, no repair)
2026-05-27 11:36:39,633 [INFO] Processing MED-041: Text Truncator with Ellipsis
2026-05-27 11:36:46,229 [WARNING] MED-041: FAILED on first attempt (baseline mode, no repair)
2026-05-27 11:36:46,561 [INFO] Processing MED-042: Camel Case to Snake Case Converter
2026-05-27 11:36:53,332 [WARNING] MED-042: FAILED on first attempt (baseline mode, no repair)
2026-05-27 11:36:53,651 [INFO] Processing MED-047: Line Sorter
2026-05-27 11:37:01,005 [WARNING] MED-047: FAILED on first attempt (baseline mode, no repair)
2026-05-27 11:37:01,339 [INFO] Processing MED-051: HTML to Markdown Converter
2026-05-27 11:37:06,544 [WARNING] MED-051: FAILED on first attempt (baseline mode, no repair)
2026-05-27 11:37:06,871 [INFO] Processing MED-059: Base64 Encoder
2026-05-27 11:37:13,216 [WARNING] MED-059: FAILED on first attempt (baseline mode, no repair)
2026-05-27 11:37:13,554 [INFO] Processing MED-074: Keyword Density Analyser
2026-05-27 11:37:18,303 [WARNING] MED-074: FAILED on first attempt (baseline mode, no repair)
2026-05-27 11:37:18,626 [INFO] Processing MED-076: Text Rot13 Cipher
2026-05-27 11:37:22,397 [WARNING] MED-076: FAILED on first attempt (baseline mode, no repair)
2026-05-27 11:37:22,715 [INFO] Processing MED-077: Caesar Cipher
2026-05-27 11:37:26,658 [WARNING] MED-077: FAILED on first attempt (baseline mode, no repair)
2026-05-27 11:37:26,996 [INFO] Processing MED-079: HTML Minifier
2026-05-27 11:37:33,511 [WARNING] MED-079: FAILED on first attempt (baseline mode, no repair)
2026-05-27 11:37:33,841 [INFO] Processing MED-082: Vocabulary Richness Calculator
2026-05-27 11:37:38,909 [WARNING] MED-082: FAILED on first attempt (baseline mode, no repair)
2026-05-27 11:37:39,241 [INFO] Processing MED-092: Smart Quote Replacer
2026-05-27 11:37:45,894 [WARNING] MED-092: FAILED on first attempt (baseline mode, no repair)
2026-05-27 11:37:46,219 [INFO] Periodic S3 sync at 100 programs...
2026-05-27 11:37:46,219 [INFO] Syncing solutions to s3://toke-test-programs/worker-5/
2026-05-27 11:37:46,220 [WARNING] S3 sync skipped: [Errno 2] No such file or directory: 'aws'
2026-05-27 11:37:46,220 [INFO] Processing MED-093: Whitespace Normaliser
2026-05-27 11:37:53,269 [WARNING] MED-093: FAILED on first attempt (baseline mode, no repair)
2026-05-27 11:37:53,595 [WARNING] Category 'media-content' halted: success rate 0.0% (0/20) is below 10% threshold. Stats: {"attempted": 20, "passed": 0, "failed": 20, "skipped": 0, "errors_compile_error": 13, "errors_build_error": 5, "errors_runtime_error": 2}
2026-05-27 11:37:53,596 [INFO] Moving to next category. 'media-content' final stats: attempted=20, passed=0, failed=20, skipped=0
2026-05-27 11:37:53,599 [INFO] Processing DAT-004: JSON Validator
2026-05-27 11:37:58,380 [WARNING] DAT-004: FAILED on first attempt (baseline mode, no repair)
2026-05-27 11:37:58,690 [INFO] Processing DAT-007: JSON to YAML Converter
2026-05-27 11:38:07,063 [WARNING] DAT-007: FAILED on first attempt (baseline mode, no repair)
2026-05-27 11:38:07,389 [INFO] Processing DAT-014: CSV Pivot Table
2026-05-27 11:38:12,273 [WARNING] DAT-014: FAILED on first attempt (baseline mode, no repair)
2026-05-27 11:38:12,593 [INFO] Processing DAT-015: Data Normaliser (Z-Score)
2026-05-27 11:38:17,608 [WARNING] DAT-015: FAILED on first attempt (baseline mode, no repair)
2026-05-27 11:38:17,921 [INFO] Processing DAT-022: Quick Sort with Pivot Trace
2026-05-27 11:38:22,542 [WARNING] DAT-022: FAILED on first attempt (baseline mode, no repair)
2026-05-27 11:38:22,860 [INFO] Processing DAT-026: Tim Sort Explanation
2026-05-27 11:38:30,103 [WARNING] DAT-026: FAILED on first attempt (baseline mode, no repair)
2026-05-27 11:38:30,417 [INFO] Processing DAT-035: Dataset Diff
2026-05-27 11:38:39,185 [WARNING] DAT-035: FAILED on first attempt (baseline mode, no repair)
2026-05-27 11:38:39,496 [INFO] Processing DAT-044: Huffman Decoder
2026-05-27 11:38:44,380 [WARNING] DAT-044: FAILED on first attempt (baseline mode, no repair)
2026-05-27 11:38:44,710 [INFO] Processing DAT-046: MD5 Hash Calculator
2026-05-27 11:38:52,964 [WARNING] DAT-046: FAILED on first attempt (baseline mode, no repair)
2026-05-27 11:38:53,279 [INFO] Processing DAT-050: Regex Validator
2026-05-27 11:38:58,146 [WARNING] DAT-050: FAILED on first attempt (baseline mode, no repair)
2026-05-27 11:38:58,474 [INFO] Processing DAT-057: CSV Statistics Summary
2026-05-27 11:39:03,488 [WARNING] DAT-057: FAILED on first attempt (baseline mode, no repair)
2026-05-27 11:39:03,858 [INFO] Processing DAT-059: Histogram Generator
2026-05-27 11:39:08,776 [WARNING] DAT-059: FAILED on first attempt (baseline mode, no repair)
2026-05-27 11:39:09,088 [INFO] Processing DAT-075: Column Splitter
2026-05-27 11:39:13,760 [WARNING] DAT-075: FAILED on first attempt (baseline mode, no repair)
2026-05-27 11:39:14,077 [INFO] Processing DAT-077: Data Anonymiser
2026-05-27 11:39:19,058 [WARNING] DAT-077: FAILED on first attempt (baseline mode, no repair)
2026-05-27 11:39:19,375 [INFO] Processing DAT-082: Funnel Analysis
2026-05-27 11:39:24,338 [WARNING] DAT-082: FAILED on first attempt (baseline mode, no repair)
2026-05-27 11:39:24,660 [INFO] Processing DAT-088: Adjacency Matrix to Edge List
2026-05-27 11:39:28,484 [WARNING] DAT-088: FAILED on first attempt (baseline mode, no repair)
2026-05-27 11:39:28,800 [INFO] Processing DAT-093: Email List Validator
2026-05-27 11:39:32,949 [WARNING] DAT-093: FAILED on first attempt (baseline mode, no repair)
2026-05-27 11:39:33,255 [INFO] Processing DAT-109: Config File Diff
2026-05-27 11:39:38,071 [WARNING] DAT-109: FAILED on first attempt (baseline mode, no repair)
2026-05-27 11:39:38,401 [INFO] Processing DAT-115: Data Deduplication Report
2026-05-27 11:39:43,333 [WARNING] DAT-115: FAILED on first attempt (baseline mode, no repair)
2026-05-27 11:39:43,647 [INFO] Processing DAT-117: Apache Parquet Schema Reader
2026-05-27 11:39:47,313 [WARNING] DAT-117: FAILED on first attempt (baseline mode, no repair)
2026-05-27 11:39:47,636 [WARNING] Category 'data-processing' halted: success rate 0.0% (0/20) is below 10% threshold. Stats: {"attempted": 20, "passed": 0, "failed": 20, "skipped": 0, "errors_compile_error": 16, "errors_runtime_error": 1, "errors_build_error": 3}
2026-05-27 11:39:47,636 [INFO] Moving to next category. 'data-processing' final stats: attempted=20, passed=0, failed=20, skipped=0
2026-05-27 11:39:47,639 [INFO] Processing SYS-005: Log Rotator
2026-05-27 11:39:52,679 [WARNING] SYS-005: FAILED on first attempt (baseline mode, no repair)
2026-05-27 11:39:52,995 [INFO] Processing SYS-007: Backup Script
2026-05-27 11:39:57,965 [WARNING] SYS-007: FAILED on first attempt (baseline mode, no repair)
2026-05-27 11:39:58,276 [INFO] Processing SYS-012: Zip Archive Creator
2026-05-27 11:40:05,619 [WARNING] SYS-012: FAILED on first attempt (baseline mode, no repair)
2026-05-27 11:40:05,932 [INFO] Processing SYS-021: Process Tree Printer
2026-05-27 11:40:10,785 [WARNING] SYS-021: FAILED on first attempt (baseline mode, no repair)
2026-05-27 11:40:11,101 [INFO] Processing SYS-024: Directory Sync
2026-05-27 11:40:16,058 [WARNING] SYS-024: FAILED on first attempt (baseline mode, no repair)
2026-05-27 11:40:16,396 [INFO] Processing SYS-025: File Deduplicator
2026-05-27 11:40:21,295 [WARNING] SYS-025: FAILED on first attempt (baseline mode, no repair)
2026-05-27 11:40:21,610 [INFO] Processing SYS-029: Signal Handler
2026-05-27 11:40:25,452 [WARNING] SYS-029: FAILED on first attempt (baseline mode, no repair)
2026-05-27 11:40:25,785 [INFO] Processing SYS-031: Log Parser
2026-05-27 11:40:34,341 [WARNING] SYS-031: FAILED on first attempt (baseline mode, no repair)
2026-05-27 11:40:34,674 [INFO] Processing SYS-034: Environment Variable Expander
2026-05-27 11:40:39,630 [WARNING] SYS-034: FAILED on first attempt (baseline mode, no repair)
2026-05-27 11:40:39,942 [INFO] Processing SYS-035: Directory Tree Printer
2026-05-27 11:40:44,884 [WARNING] SYS-035: FAILED on first attempt (baseline mode, no repair)
2026-05-27 11:40:45,192 [INFO] Processing SYS-036: File Search (find replacement)
2026-05-27 11:40:50,112 [WARNING] SYS-036: FAILED on first attempt (baseline mode, no repair)
2026-05-27 11:40:50,422 [INFO] Processing SYS-045: Archive Extractor
2026-05-27 11:40:55,322 [WARNING] SYS-045: FAILED on first attempt (baseline mode, no repair)
2026-05-27 11:40:55,672 [INFO] Processing SYS-049: Stdin Line Counter
2026-05-27 11:40:59,965 [WARNING] SYS-049: FAILED on first attempt (baseline mode, no repair)
2026-05-27 11:41:00,284 [INFO] Processing SYS-053: File Merger
2026-05-27 11:41:03,094 [WARNING] SYS-053: FAILED on first attempt (baseline mode, no repair)
2026-05-27 11:41:03,431 [INFO] Processing SYS-055: Terminal Color Test
2026-05-27 11:41:13,514 [WARNING] SYS-055: FAILED on first attempt (baseline mode, no repair)
2026-05-27 11:41:13,858 [INFO] Processing SYS-061: UUID Generator
2026-05-27 11:41:24,376 [WARNING] SYS-061: FAILED on first attempt (baseline mode, no repair)
2026-05-27 11:41:24,708 [INFO] Processing SYS-067: Line Deduplicator
2026-05-27 11:41:29,623 [WARNING] SYS-067: FAILED on first attempt (baseline mode, no repair)
2026-05-27 11:41:29,967 [INFO] Processing SYS-069: Text Statistics Reporter
2026-05-27 11:41:34,834 [WARNING] SYS-069: FAILED on first attempt (baseline mode, no repair)
2026-05-27 11:41:35,153 [INFO] Processing SYS-072: Stdin Multiplexer (tee)
2026-05-27 11:41:41,637 [WARNING] SYS-072: FAILED on first attempt (baseline mode, no repair)
2026-05-27 11:41:41,971 [INFO] Processing SYS-079: Secrets Scanner
2026-05-27 11:41:46,963 [WARNING] SYS-079: FAILED on first attempt (baseline mode, no repair)
2026-05-27 11:41:47,302 [WARNING] Category 'system-tools' halted: success rate 0.0% (0/20) is below 10% threshold. Stats: {"attempted": 20, "passed": 0, "failed": 20, "skipped": 0, "errors_compile_error": 15, "errors_build_error": 4, "errors_runtime_error": 1}
2026-05-27 11:41:47,302 [INFO] Moving to next category. 'system-tools' final stats: attempted=20, passed=0, failed=20, skipped=0
2026-05-27 11:41:47,313 [INFO] Processing GAM-008: Chess Piece Move Generator
2026-05-27 11:41:52,238 [WARNING] GAM-008: FAILED on first attempt (baseline mode, no repair)
2026-05-27 11:41:52,572 [INFO] Processing GAM-009: Chess Material Evaluator
2026-05-27 11:41:57,436 [WARNING] GAM-009: FAILED on first attempt (baseline mode, no repair)
2026-05-27 11:41:57,744 [INFO] Processing GAM-014: Hangman Game Engine
2026-05-27 11:42:07,882 [WARNING] GAM-014: FAILED on first attempt (baseline mode, no repair)
2026-05-27 11:42:08,204 [INFO] Processing GAM-015: Wordle Feedback Generator
2026-05-27 11:42:12,149 [WARNING] GAM-015: FAILED on first attempt (baseline mode, no repair)
2026-05-27 11:42:12,491 [INFO] Processing GAM-016: Wordle Solver
2026-05-27 11:42:17,385 [WARNING] GAM-016: FAILED on first attempt (baseline mode, no repair)
2026-05-27 11:42:17,733 [INFO] Processing GAM-025: Text Adventure Engine
2026-05-27 11:42:22,679 [WARNING] GAM-025: FAILED on first attempt (baseline mode, no repair)
2026-05-27 11:42:23,015 [INFO] Processing GAM-026: Dungeon Room Generator
2026-05-27 11:42:27,875 [WARNING] GAM-026: FAILED on first attempt (baseline mode, no repair)
2026-05-27 11:42:28,221 [INFO] Processing GAM-047: Maze Solver
2026-05-27 11:42:33,048 [WARNING] GAM-047: FAILED on first attempt (baseline mode, no repair)
2026-05-27 11:42:33,371 [INFO] Processing GAM-051: Dice Probability Calculator
2026-05-27 11:42:38,251 [WARNING] GAM-051: FAILED on first attempt (baseline mode, no repair)
2026-05-27 11:42:38,576 [INFO] Periodic S3 sync at 150 programs...
2026-05-27 11:42:38,577 [INFO] Syncing solutions to s3://toke-test-programs/worker-5/
2026-05-27 11:42:38,577 [WARNING] S3 sync skipped: [Errno 2] No such file or directory: 'aws'
2026-05-27 11:42:38,577 [INFO] Processing GAM-052: Fibonacci Nim Solver
2026-05-27 11:42:43,350 [WARNING] GAM-052: FAILED on first attempt (baseline mode, no repair)
2026-05-27 11:42:43,666 [INFO] Processing GAM-056: Bulls and Cows
2026-05-27 11:42:48,500 [WARNING] GAM-056: FAILED on first attempt (baseline mode, no repair)
2026-05-27 11:42:48,836 [INFO] Processing GAM-061: Cribbage Hand Scorer
2026-05-27 11:42:53,913 [WARNING] GAM-061: FAILED on first attempt (baseline mode, no repair)
2026-05-27 11:42:54,252 [INFO] Processing GAM-063: Chess Clock Timer
2026-05-27 11:42:59,342 [WARNING] GAM-063: FAILED on first attempt (baseline mode, no repair)
2026-05-27 11:42:59,651 [INFO] Processing GAM-067: Nim Strategy Advisor
2026-05-27 11:43:03,377 [WARNING] GAM-067: FAILED on first attempt (baseline mode, no repair)
2026-05-27 11:43:03,697 [INFO] Processing GAM-070: Countdown Numbers Game Solver
2026-05-27 11:43:08,495 [WARNING] GAM-070: FAILED on first attempt (baseline mode, no repair)
2026-05-27 11:43:08,816 [INFO] Processing GAM-079: Liar's Dice Evaluator
2026-05-27 11:43:16,271 [WARNING] GAM-079: FAILED on first attempt (baseline mode, no repair)
2026-05-27 11:43:16,582 [INFO] Processing GAM-084: Card Shuffler and Dealer
2026-05-27 11:43:21,599 [WARNING] GAM-084: FAILED on first attempt (baseline mode, no repair)
2026-05-27 11:43:21,927 [INFO] Processing GAM-090: Lights Out Puzzle Solver
2026-05-27 11:43:28,495 [WARNING] GAM-090: FAILED on first attempt (baseline mode, no repair)
2026-05-27 11:43:28,803 [INFO] Processing GAM-092: Tromino Tiling Checker
2026-05-27 11:43:31,506 [WARNING] GAM-092: FAILED on first attempt (baseline mode, no repair)
2026-05-27 11:43:31,848 [INFO] Processing GAM-097: Poker Pot Odds Calculator
2026-05-27 11:43:39,133 [WARNING] GAM-097: FAILED on first attempt (baseline mode, no repair)
2026-05-27 11:43:39,459 [WARNING] Category 'games' halted: success rate 0.0% (0/20) is below 10% threshold. Stats: {"attempted": 20, "passed": 0, "failed": 20, "skipped": 0, "errors_compile_error": 16, "errors_runtime_error": 1, "errors_build_error": 3}
2026-05-27 11:43:39,459 [INFO] Moving to next category. 'games' final stats: attempted=20, passed=0, failed=20, skipped=0
2026-05-27 11:43:39,469 [INFO] Processing SEC-008: Role-Based Access Control (RBAC) Engine
2026-05-27 11:43:44,489 [WARNING] SEC-008: FAILED on first attempt (baseline mode, no repair)
2026-05-27 11:43:44,796 [INFO] Processing SEC-010: CSRF Token Generator and Validator
2026-05-27 11:43:49,759 [WARNING] SEC-010: FAILED on first attempt (baseline mode, no repair)
2026-05-27 11:43:50,198 [INFO] Processing SEC-028: HTTP Request Smuggling Detector
2026-05-27 11:43:55,200 [WARNING] SEC-028: FAILED on first attempt (baseline mode, no repair)
2026-05-27 11:43:55,536 [INFO] Processing SEC-032: Command Injection Tester
2026-05-27 11:44:00,520 [WARNING] SEC-032: FAILED on first attempt (baseline mode, no repair)
2026-05-27 11:44:00,868 [INFO] Processing SEC-049: OAuth2 Implicit Flow Security Checker
2026-05-27 11:44:06,105 [WARNING] SEC-049: FAILED on first attempt (baseline mode, no repair)
2026-05-27 11:44:06,423 [INFO] Processing SEC-051: Cookie Security Analyser
2026-05-27 11:44:11,393 [WARNING] SEC-051: FAILED on first attempt (baseline mode, no repair)
2026-05-27 11:44:11,716 [INFO] Processing SEC-053: XML External Entity (XXE) Tester
2026-05-27 11:44:16,669 [WARNING] SEC-053: FAILED on first attempt (baseline mode, no repair)
2026-05-27 11:44:16,982 [INFO] Processing SEC-054: Race Condition Vulnerability Tester
2026-05-27 11:44:22,033 [WARNING] SEC-054: FAILED on first attempt (baseline mode, no repair)
2026-05-27 11:44:22,352 [INFO] Processing SEC-056: HTTP Request Header Injection Tester
2026-05-27 11:44:27,385 [WARNING] SEC-056: FAILED on first attempt (baseline mode, no repair)
2026-05-27 11:44:27,701 [INFO] Processing SEC-057: Timing Attack Detector for Authentication
2026-05-27 11:44:32,511 [WARNING] SEC-057: FAILED on first attempt (baseline mode, no repair)
2026-05-27 11:44:32,824 [INFO] Processing SEC-058: Web Application Fingerprinter
2026-05-27 11:44:37,867 [WARNING] SEC-058: FAILED on first attempt (baseline mode, no repair)
2026-05-27 11:44:38,185 [INFO] Processing SEC-067: API Key Strength Validator
2026-05-27 11:44:43,201 [WARNING] SEC-067: FAILED on first attempt (baseline mode, no repair)
2026-05-27 11:44:43,540 [INFO] Processing SEC-075: Encrypted Backup Verifier
2026-05-27 11:44:48,521 [WARNING] SEC-075: FAILED on first attempt (baseline mode, no repair)
2026-05-27 11:44:48,837 [INFO] Processing SEC-079: Certificate Transparency Monitor
2026-05-27 11:44:53,714 [WARNING] SEC-079: FAILED on first attempt (baseline mode, no repair)
2026-05-27 11:44:54,080 [INFO] Processing SEC-080: Secure Random Number Quality Tester
2026-05-27 11:44:59,142 [WARNING] SEC-080: FAILED on first attempt (baseline mode, no repair)
2026-05-27 11:44:59,474 [INFO] Processing SEC-084: SSH Configuration Auditor
2026-05-27 11:45:04,457 [WARNING] SEC-084: FAILED on first attempt (baseline mode, no repair)
2026-05-27 11:45:04,779 [INFO] Processing SEC-087: Blind SQL Injection Time-Based Tester
2026-05-27 11:45:09,798 [WARNING] SEC-087: FAILED on first attempt (baseline mode, no repair)
2026-05-27 11:45:10,111 [INFO] Processing SEC-088: Kubernetes RBAC Auditor
2026-05-27 11:45:15,180 [WARNING] SEC-088: FAILED on first attempt (baseline mode, no repair)
2026-05-27 11:45:15,516 [INFO] Processing SEC-089: OWASP ZAP-style Passive Scanner
2026-05-27 11:45:20,588 [WARNING] SEC-089: FAILED on first attempt (baseline mode, no repair)
2026-05-27 11:45:20,910 [INFO] Processing SEC-090: Environment Variable Secret Leakage Detector
2026-05-27 11:45:24,032 [WARNING] SEC-090: FAILED on first attempt (baseline mode, no repair)
2026-05-27 11:45:24,375 [WARNING] Category 'security' halted: success rate 0.0% (0/20) is below 10% threshold. Stats: {"attempted": 20, "passed": 0, "failed": 20, "skipped": 0, "errors_compile_error": 20}
2026-05-27 11:45:24,375 [INFO] Moving to next category. 'security' final stats: attempted=20, passed=0, failed=20, skipped=0
2026-05-27 11:45:24,388 [INFO] Processing MSG-001: AES-256 message encryption
2026-05-27 11:45:29,197 [WARNING] MSG-001: FAILED on first attempt (baseline mode, no repair)
2026-05-27 11:45:29,510 [INFO] Processing MSG-006: ECDH key exchange
2026-05-27 11:45:34,373 [WARNING] MSG-006: FAILED on first attempt (baseline mode, no repair)
2026-05-27 11:45:34,710 [INFO] Processing MSG-023: Message retry with exponential backoff
2026-05-27 11:45:38,804 [WARNING] MSG-023: FAILED on first attempt (baseline mode, no repair)
2026-05-27 11:45:39,139 [INFO] Processing MSG-025: Message ordering by sequence number
2026-05-27 11:45:42,202 [WARNING] MSG-025: FAILED on first attempt (baseline mode, no repair)
2026-05-27 11:45:42,513 [INFO] Processing MSG-027: Rate limiter - sliding window
2026-05-27 11:45:46,756 [WARNING] MSG-027: FAILED on first attempt (baseline mode, no repair)
2026-05-27 11:45:47,082 [INFO] Processing MSG-035: Message priority queue
2026-05-27 11:45:51,913 [WARNING] MSG-035: FAILED on first attempt (baseline mode, no repair)
2026-05-27 11:45:52,236 [INFO] Processing MSG-037: Message search with keyword highlighting
2026-05-27 11:45:56,804 [WARNING] MSG-037: FAILED on first attempt (baseline mode, no repair)
2026-05-27 11:45:57,145 [INFO] Processing MSG-039: Conversation thread tree builder
2026-05-27 11:46:01,966 [WARNING] MSG-039: FAILED on first attempt (baseline mode, no repair)
2026-05-27 11:46:02,403 [INFO] Processing MSG-047: Read receipt aggregation
2026-05-27 11:46:07,270 [WARNING] MSG-047: FAILED on first attempt (baseline mode, no repair)
2026-05-27 11:46:07,587 [INFO] Processing MSG-067: Conversation summarization metadata
2026-05-27 11:46:12,651 [WARNING] MSG-067: FAILED on first attempt (baseline mode, no repair)
2026-05-27 11:46:12,962 [INFO] Processing MSG-073: Conversation state machine
2026-05-27 11:46:19,445 [WARNING] MSG-073: FAILED on first attempt (baseline mode, no repair)
2026-05-27 11:46:19,763 [INFO] Processing MSG-074: Multi-device message sync
2026-05-27 11:46:24,726 [WARNING] MSG-074: FAILED on first attempt (baseline mode, no repair)
2026-05-27 11:46:25,059 [INFO] Processing MSG-087: Chat bot command parser
2026-05-27 11:46:33,497 [WARNING] MSG-087: FAILED on first attempt (baseline mode, no repair)
2026-05-27 11:46:33,840 [INFO] Processing MSG-088: Message encryption audit log
2026-05-27 11:46:42,113 [WARNING] MSG-088: FAILED on first attempt (baseline mode, no repair)
2026-05-27 11:46:42,436 [INFO] Processing MSG-090: Message delivery receipt proof
2026-05-27 11:46:46,164 [WARNING] MSG-090: FAILED on first attempt (baseline mode, no repair)
2026-05-27 11:46:46,490 [INFO] Processing MSG-097: Chat room access control list
2026-05-27 11:46:49,845 [WARNING] MSG-097: FAILED on first attempt (baseline mode, no repair)
2026-05-27 11:46:50,162 [INFO] Processing MSG-110: Message encryption performance benchmark simulation
2026-05-27 11:46:55,069 [WARNING] MSG-110: FAILED on first attempt (baseline mode, no repair)
2026-05-27 11:46:55,385 [INFO] Processing MSG-114: Message attachment virus scan simulation
2026-05-27 11:46:59,331 [WARNING] MSG-114: FAILED on first attempt (baseline mode, no repair)
2026-05-27 11:46:59,669 [INFO] Processing MSG-122: Message storage quota management
2026-05-27 11:47:06,743 [WARNING] MSG-122: FAILED on first attempt (baseline mode, no repair)
2026-05-27 11:47:07,061 [INFO] Periodic S3 sync at 200 programs...
2026-05-27 11:47:07,062 [INFO] Syncing solutions to s3://toke-test-programs/worker-5/
2026-05-27 11:47:07,062 [WARNING] S3 sync skipped: [Errno 2] No such file or directory: 'aws'
2026-05-27 11:47:07,063 [INFO] Processing MSG-124: Message history GDPR export
2026-05-27 11:47:12,118 [WARNING] MSG-124: FAILED on first attempt (baseline mode, no repair)
2026-05-27 11:47:12,433 [WARNING] Category 'messaging' halted: success rate 0.0% (0/20) is below 10% threshold. Stats: {"attempted": 20, "passed": 0, "failed": 20, "skipped": 0, "errors_compile_error": 16, "errors_build_error": 2, "errors_runtime_error": 2}
2026-05-27 11:47:12,433 [INFO] Moving to next category. 'messaging' final stats: attempted=20, passed=0, failed=20, skipped=0
2026-05-27 11:47:12,437 [INFO] Processing CRY-006: Base64 Decode
2026-05-27 11:47:17,346 [WARNING] CRY-006: FAILED on first attempt (baseline mode, no repair)
2026-05-27 11:47:17,655 [INFO] Processing CRY-010: Base58 Decode
2026-05-27 11:47:22,634 [WARNING] CRY-010: FAILED on first attempt (baseline mode, no repair)
2026-05-27 11:47:22,935 [INFO] Processing CRY-011: Double SHA-256
2026-05-27 11:47:27,854 [WARNING] CRY-011: FAILED on first attempt (baseline mode, no repair)
2026-05-27 11:47:28,181 [INFO] Processing CRY-023: AES-256-GCM Encrypt
2026-05-27 11:47:33,252 [WARNING] CRY-023: FAILED on first attempt (baseline mode, no repair)
2026-05-27 11:47:33,566 [INFO] Processing CRY-029: RSA Decrypt (Textbook)
2026-05-27 11:47:38,171 [WARNING] CRY-029: FAILED on first attempt (baseline mode, no repair)
2026-05-27 11:47:38,541 [INFO] Processing CRY-042: Ethereum Address from Public Key
2026-05-27 11:47:43,479 [WARNING] CRY-042: FAILED on first attempt (baseline mode, no repair)
2026-05-27 11:47:43,788 [INFO] Processing CRY-046: Proof of Work Mining
2026-05-27 11:47:48,436 [WARNING] CRY-046: FAILED on first attempt (baseline mode, no repair)
2026-05-27 11:47:48,747 [INFO] Processing CRY-047: Merkle Tree Root
2026-05-27 11:47:53,339 [WARNING] CRY-047: FAILED on first attempt (baseline mode, no repair)
2026-05-27 11:47:53,661 [INFO] Processing CRY-048: Merkle Proof Generation
2026-05-27 11:47:58,657 [WARNING] CRY-048: FAILED on first attempt (baseline mode, no repair)
2026-05-27 11:47:58,973 [INFO] Processing CRY-054: Nonce-Based Account Balance
2026-05-27 11:48:03,968 [WARNING] CRY-054: FAILED on first attempt (baseline mode, no repair)
2026-05-27 11:48:04,307 [INFO] Processing CRY-066: Blockchain Difficulty Adjustment
2026-05-27 11:48:07,957 [WARNING] CRY-066: FAILED on first attempt (baseline mode, no repair)
2026-05-27 11:48:08,272 [INFO] Processing CRY-069: Mining Hashrate Calculator
2026-05-27 11:48:11,730 [WARNING] CRY-069: FAILED on first attempt (baseline mode, no repair)
2026-05-27 11:48:12,079 [INFO] Processing CRY-080: Zero-Knowledge Range Proof (Simplified)
2026-05-27 11:48:16,979 [WARNING] CRY-080: FAILED on first attempt (baseline mode, no repair)
2026-05-27 11:48:17,286 [INFO] Processing CRY-082: Pedersen Commitment
2026-05-27 11:48:24,339 [WARNING] CRY-082: FAILED on first attempt (baseline mode, no repair)
2026-05-27 11:48:24,680 [INFO] Processing CRY-084: Stealth Address Generation
2026-05-27 11:48:29,525 [WARNING] CRY-084: FAILED on first attempt (baseline mode, no repair)
2026-05-27 11:48:29,846 [INFO] Processing CRY-088: Transaction Fee Estimator
2026-05-27 11:48:36,178 [WARNING] CRY-088: FAILED on first attempt (baseline mode, no repair)
2026-05-27 11:48:36,522 [INFO] Processing CRY-090: SegWit Transaction Weight
2026-05-27 11:48:39,079 [WARNING] CRY-090: FAILED on first attempt (baseline mode, no repair)
2026-05-27 11:48:39,633 [INFO] Processing CRY-094: Liquidity Pool Share Calculator
2026-05-27 11:48:42,299 [WARNING] CRY-094: FAILED on first attempt (baseline mode, no repair)
2026-05-27 11:48:42,628 [INFO] Processing CRY-102: Proof of Stake Validator Selection
2026-05-27 11:48:49,863 [WARNING] CRY-102: FAILED on first attempt (baseline mode, no repair)
2026-05-27 11:48:50,196 [INFO] Processing CRY-109: Message Signing (Bitcoin-style)
2026-05-27 11:48:57,552 [WARNING] CRY-109: FAILED on first attempt (baseline mode, no repair)
2026-05-27 11:48:57,876 [WARNING] Category 'crypto-blockchain' halted: success rate 0.0% (0/20) is below 10% threshold. Stats: {"attempted": 20, "passed": 0, "failed": 20, "skipped": 0, "errors_compile_error": 16, "errors_build_error": 2, "errors_runtime_error": 2}
2026-05-27 11:48:57,876 [INFO] Moving to next category. 'crypto-blockchain' final stats: attempted=20, passed=0, failed=20, skipped=0
2026-05-27 11:48:57,883 [INFO] Processing MFG-008: Moving Range Chart
2026-05-27 11:49:02,774 [WARNING] MFG-008: FAILED on first attempt (baseline mode, no repair)
2026-05-27 11:49:03,114 [INFO] Processing MFG-009: CUSUM Chart
2026-05-27 11:49:08,267 [WARNING] MFG-009: FAILED on first attempt (baseline mode, no repair)
2026-05-27 11:49:08,583 [INFO] Processing MFG-014: Pareto Analysis of Defects
2026-05-27 11:49:15,336 [WARNING] MFG-014: FAILED on first attempt (baseline mode, no repair)
2026-05-27 11:49:15,680 [INFO] Processing MFG-020: Nelson Rules Detection
2026-05-27 11:49:20,551 [WARNING] MFG-020: FAILED on first attempt (baseline mode, no repair)
2026-05-27 11:49:20,887 [INFO] Processing MFG-036: Vibration FFT Analysis
2026-05-27 11:49:25,691 [WARNING] MFG-036: FAILED on first attempt (baseline mode, no repair)
2026-05-27 11:49:26,024 [INFO] Processing MFG-037: Batch Yield Trend Analysis
2026-05-27 11:49:30,800 [WARNING] MFG-037: FAILED on first attempt (baseline mode, no repair)
2026-05-27 11:49:31,125 [INFO] Processing MFG-046: Attribute Control Chart (p-chart)
2026-05-27 11:49:37,999 [WARNING] MFG-046: FAILED on first attempt (baseline mode, no repair)
2026-05-27 11:49:38,331 [INFO] Processing MFG-060: Train/Test Split
2026-05-27 11:49:40,979 [WARNING] MFG-060: FAILED on first attempt (baseline mode, no repair)
2026-05-27 11:49:41,310 [INFO] Processing MFG-068: DBSCAN Clustering
2026-05-27 11:49:46,171 [WARNING] MFG-068: FAILED on first attempt (baseline mode, no repair)
2026-05-27 11:49:46,480 [INFO] Processing MFG-076: Batch Processing Pipeline
2026-05-27 11:49:51,234 [WARNING] MFG-076: FAILED on first attempt (baseline mode, no repair)
2026-05-27 11:49:51,549 [INFO] Processing MFG-083: Exponential Degradation Model
2026-05-27 11:49:58,783 [WARNING] MFG-083: FAILED on first attempt (baseline mode, no repair)
2026-05-27 11:49:59,108 [INFO] Processing MFG-087: Multi-Variate Process Capability
2026-05-27 11:50:03,953 [WARNING] MFG-087: FAILED on first attempt (baseline mode, no repair)
2026-05-27 11:50:04,325 [INFO] Processing MFG-090: Residual Analysis
2026-05-27 11:50:09,288 [WARNING] MFG-090: FAILED on first attempt (baseline mode, no repair)
2026-05-27 11:50:09,613 [INFO] Processing MFG-103: Warranty Cost Prediction
2026-05-27 11:50:14,520 [WARNING] MFG-103: FAILED on first attempt (baseline mode, no repair)
2026-05-27 11:50:14,854 [INFO] Processing MFG-105: Tool Wear Monitoring
2026-05-27 11:50:18,139 [WARNING] MFG-105: FAILED on first attempt (baseline mode, no repair)
2026-05-27 11:50:18,470 [INFO] Processing MFG-107: Multi-Machine Load Balancing
2026-05-27 11:50:22,812 [WARNING] MFG-107: FAILED on first attempt (baseline mode, no repair)
2026-05-27 11:50:23,134 [INFO] Processing MFG-110: Process FMEA Risk Priority
2026-05-27 11:50:26,562 [WARNING] MFG-110: FAILED on first attempt (baseline mode, no repair)
2026-05-27 11:50:26,894 [INFO] Processing MFG-114: Batch Genealogy Tracker
2026-05-27 11:50:35,298 [WARNING] MFG-114: FAILED on first attempt (baseline mode, no repair)
2026-05-27 11:50:35,627 [INFO] Processing MFG-117: Alarm Rationalisation
2026-05-27 11:50:37,902 [WARNING] MFG-117: FAILED on first attempt (baseline mode, no repair)
2026-05-27 11:50:38,234 [INFO] Processing MFG-119: Process Stability Index
2026-05-27 11:50:41,307 [WARNING] MFG-119: FAILED on first attempt (baseline mode, no repair)
2026-05-27 11:50:41,647 [WARNING] Category 'manufacturing-ml' halted: success rate 0.0% (0/20) is below 10% threshold. Stats: {"attempted": 20, "passed": 0, "failed": 20, "skipped": 0, "errors_compile_error": 16, "errors_build_error": 2, "errors_runtime_error": 2}
2026-05-27 11:50:41,647 [INFO] Moving to next category. 'manufacturing-ml' final stats: attempted=20, passed=0, failed=20, skipped=0
2026-05-27 11:50:41,654 [INFO] Processing NET-012: CORS Middleware Server
2026-05-27 11:50:46,398 [WARNING] NET-012: FAILED on first attempt (baseline mode, no repair)
2026-05-27 11:50:46,725 [INFO] Processing NET-022: WebSocket Broadcast Server
2026-05-27 11:50:48,840 [WARNING] NET-022: FAILED on first attempt (baseline mode, no repair)
2026-05-27 11:50:49,153 [INFO] Processing NET-028: Prometheus Metrics Endpoint Server
2026-05-27 11:50:53,611 [WARNING] NET-028: FAILED on first attempt (baseline mode, no repair)
2026-05-27 11:50:53,953 [INFO] Processing NET-030: API Versioning Server (Accept Header)
2026-05-27 11:50:58,684 [WARNING] NET-030: FAILED on first attempt (baseline mode, no repair)
2026-05-27 11:50:59,018 [INFO] Processing NET-031: Webhook Receiver Server
2026-05-27 11:51:03,511 [WARNING] NET-031: FAILED on first attempt (baseline mode, no repair)
2026-05-27 11:51:03,832 [INFO] Processing NET-037: Content Negotiation Server
2026-05-27 11:51:08,595 [WARNING] NET-037: FAILED on first attempt (baseline mode, no repair)
2026-05-27 11:51:08,917 [INFO] Processing NET-038: Request ID Middleware Server
2026-05-27 11:51:13,689 [WARNING] NET-038: FAILED on first attempt (baseline mode, no repair)
2026-05-27 11:51:14,006 [INFO] Processing NET-040: Basic Auth Middleware Server
2026-05-27 11:51:18,779 [WARNING] NET-040: FAILED on first attempt (baseline mode, no repair)
2026-05-27 11:51:19,122 [INFO] Processing NET-048: Bulk Operations API Server
2026-05-27 11:51:23,920 [WARNING] NET-048: FAILED on first attempt (baseline mode, no repair)
2026-05-27 11:51:24,249 [INFO] Periodic S3 sync at 250 programs...
2026-05-27 11:51:24,249 [INFO] Syncing solutions to s3://toke-test-programs/worker-5/
2026-05-27 11:51:24,251 [WARNING] S3 sync skipped: [Errno 2] No such file or directory: 'aws'
2026-05-27 11:51:24,252 [INFO] Processing NET-052: Server-Timing Header Server
2026-05-27 11:51:28,962 [WARNING] NET-052: FAILED on first attempt (baseline mode, no repair)
2026-05-27 11:51:29,272 [INFO] Processing NET-059: Geo-location Header Enricher Server
2026-05-27 11:51:34,082 [WARNING] NET-059: FAILED on first attempt (baseline mode, no repair)
2026-05-27 11:51:34,398 [INFO] Processing NET-063: SSE with Reconnect Server
2026-05-27 11:51:38,171 [WARNING] NET-063: FAILED on first attempt (baseline mode, no repair)
2026-05-27 11:51:38,490 [INFO] Processing NET-067: HTTP Proxy with Cache Server
2026-05-27 11:51:42,508 [WARNING] NET-067: FAILED on first attempt (baseline mode, no repair)
2026-05-27 11:51:42,818 [INFO] Processing NET-068: Microservice Service Registry Server
2026-05-27 11:51:47,656 [WARNING] NET-068: FAILED on first attempt (baseline mode, no repair)
2026-05-27 11:51:47,974 [INFO] Processing NET-071: REST API with HATEOAS Links
2026-05-27 11:51:58,025 [WARNING] NET-071: FAILED on first attempt (baseline mode, no repair)
2026-05-27 11:51:58,365 [INFO] Processing NET-074: Feature Flag API Server
2026-05-27 11:52:02,252 [WARNING] NET-074: FAILED on first attempt (baseline mode, no repair)
2026-05-27 11:52:02,656 [INFO] Processing NET-087: Schema Migration API Server
2026-05-27 11:52:07,107 [WARNING] NET-087: FAILED on first attempt (baseline mode, no repair)
2026-05-27 11:52:07,430 [INFO] Processing NET-091: REST API with Optimistic Locking Server
2026-05-27 11:52:11,870 [WARNING] NET-091: FAILED on first attempt (baseline mode, no repair)
2026-05-27 11:52:12,196 [INFO] Processing NET-103: HTTP PUT Client
2026-05-27 11:52:17,040 [WARNING] NET-103: FAILED on first attempt (baseline mode, no repair)
2026-05-27 11:52:17,373 [INFO] Processing NET-104: HTTP DELETE Client
2026-05-27 11:52:19,538 [WARNING] NET-104: FAILED on first attempt (baseline mode, no repair)
2026-05-27 11:52:19,859 [WARNING] Category 'networking-rest' halted: success rate 0.0% (0/20) is below 10% threshold. Stats: {"attempted": 20, "passed": 0, "failed": 20, "skipped": 0, "errors_compile_error": 19, "errors_runtime_error": 1}
2026-05-27 11:52:19,859 [INFO] Moving to next category. 'networking-rest' final stats: attempted=20, passed=0, failed=20, skipped=0
2026-05-27 11:52:19,897 [INFO] Processing SOC-001: User registration
2026-05-27 11:52:26,890 [WARNING] SOC-001: FAILED on first attempt (baseline mode, no repair)
2026-05-27 11:52:27,234 [INFO] Processing SOC-007: Deactivate account
2026-05-27 11:52:31,464 [WARNING] SOC-007: FAILED on first attempt (baseline mode, no repair)
2026-05-27 11:52:31,777 [INFO] Processing SOC-012: Two-factor authentication setup
2026-05-27 11:52:36,516 [WARNING] SOC-012: FAILED on first attempt (baseline mode, no repair)
2026-05-27 11:52:36,823 [INFO] Processing SOC-013: Verify 2FA code
2026-05-27 11:52:39,980 [WARNING] SOC-013: FAILED on first attempt (baseline mode, no repair)
2026-05-27 11:52:40,311 [INFO] Processing SOC-016: Create text post
2026-05-27 11:52:43,140 [WARNING] SOC-016: FAILED on first attempt (baseline mode, no repair)
2026-05-27 11:52:43,460 [INFO] Processing SOC-022: Vote on poll
2026-05-27 11:52:50,600 [WARNING] SOC-022: FAILED on first attempt (baseline mode, no repair)
2026-05-27 11:52:51,170 [INFO] Processing SOC-026: Create thread
2026-05-27 11:52:54,270 [WARNING] SOC-026: FAILED on first attempt (baseline mode, no repair)
2026-05-27 11:52:54,593 [INFO] Processing SOC-032: Home feed - algorithmic
2026-05-27 11:52:59,370 [WARNING] SOC-032: FAILED on first attempt (baseline mode, no repair)
2026-05-27 11:52:59,686 [INFO] Processing SOC-033: Explore feed
2026-05-27 11:53:04,489 [WARNING] SOC-033: FAILED on first attempt (baseline mode, no repair)
2026-05-27 11:53:04,816 [INFO] Processing SOC-037: List feed
2026-05-27 11:53:08,837 [WARNING] SOC-037: FAILED on first attempt (baseline mode, no repair)
2026-05-27 11:53:09,160 [INFO] Processing SOC-038: Media-only feed
2026-05-27 11:53:10,781 [WARNING] SOC-038: FAILED on first attempt (baseline mode, no repair)
2026-05-27 11:53:11,079 [INFO] Processing SOC-041: Muted words filter
2026-05-27 11:53:18,767 [WARNING] SOC-041: FAILED on first attempt (baseline mode, no repair)
2026-05-27 11:53:19,107 [INFO] Processing SOC-042: Feed preferences
2026-05-27 11:53:21,134 [WARNING] SOC-042: FAILED on first attempt (baseline mode, no repair)
2026-05-27 11:53:21,450 [INFO] Processing SOC-043: Like a post
2026-05-27 11:53:27,592 [WARNING] SOC-043: FAILED on first attempt (baseline mode, no repair)
2026-05-27 11:53:27,932 [INFO] Processing SOC-045: Get post likes list
2026-05-27 11:53:32,191 [WARNING] SOC-045: FAILED on first attempt (baseline mode, no repair)
2026-05-27 11:53:32,510 [INFO] Processing SOC-048: Share post externally
2026-05-27 11:53:39,955 [WARNING] SOC-048: FAILED on first attempt (baseline mode, no repair)
2026-05-27 11:53:40,275 [INFO] Processing SOC-051: Report post
2026-05-27 11:53:45,075 [WARNING] SOC-051: FAILED on first attempt (baseline mode, no repair)
2026-05-27 11:53:45,404 [INFO] Processing SOC-052: Mute user
2026-05-27 11:53:52,224 [WARNING] SOC-052: FAILED on first attempt (baseline mode, no repair)
2026-05-27 11:53:52,550 [INFO] Processing SOC-056: Post engagement metrics
2026-05-27 11:53:56,453 [WARNING] SOC-056: FAILED on first attempt (baseline mode, no repair)
2026-05-27 11:53:56,761 [INFO] Processing SOC-067: Comment moderation controls
2026-05-27 11:54:04,537 [WARNING] SOC-067: FAILED on first attempt (baseline mode, no repair)
2026-05-27 11:54:04,861 [WARNING] Category 'social-media' halted: success rate 0.0% (0/20) is below 10% threshold. Stats: {"attempted": 20, "passed": 0, "failed": 20, "skipped": 0, "errors_build_error": 4, "errors_compile_error": 13, "errors_runtime_error": 3}
2026-05-27 11:54:04,861 [INFO] Moving to next category. 'social-media' final stats: attempted=20, passed=0, failed=20, skipped=0
2026-05-27 11:54:04,906 [INFO] Processing AIA-015: Tool call retry with backoff
2026-05-27 11:54:10,938 [WARNING] AIA-015: FAILED on first attempt (baseline mode, no repair)
2026-05-27 11:54:11,271 [INFO] Processing AIA-019: RAG answer with citations
2026-05-27 11:54:13,762 [WARNING] AIA-019: FAILED on first attempt (baseline mode, no repair)
2026-05-27 11:54:14,095 [INFO] Processing AIA-021: Hybrid search merger
2026-05-27 11:54:16,863 [WARNING] AIA-021: FAILED on first attempt (baseline mode, no repair)
2026-05-27 11:54:17,201 [INFO] Processing AIA-023: Query expansion
2026-05-27 11:54:20,829 [WARNING] AIA-023: FAILED on first attempt (baseline mode, no repair)
2026-05-27 11:54:21,160 [INFO] Processing AIA-025: Chunk boundary optimizer
2026-05-27 11:54:25,523 [WARNING] AIA-025: FAILED on first attempt (baseline mode, no repair)
2026-05-27 11:54:25,825 [INFO] Processing AIA-026: Multi-index router
2026-05-27 11:54:30,517 [WARNING] AIA-026: FAILED on first attempt (baseline mode, no repair)
2026-05-27 11:54:30,842 [INFO] Processing AIA-029: Hallucination detector
2026-05-27 11:54:37,322 [WARNING] AIA-029: FAILED on first attempt (baseline mode, no repair)
2026-05-27 11:54:37,633 [INFO] Processing AIA-031: Intent classification
2026-05-27 11:54:41,979 [WARNING] AIA-031: FAILED on first attempt (baseline mode, no repair)
2026-05-27 11:54:42,314 [INFO] Processing AIA-032: Sentiment analysis
2026-05-27 11:54:46,021 [WARNING] AIA-032: FAILED on first attempt (baseline mode, no repair)
2026-05-27 11:54:46,338 [INFO] Processing AIA-053: URL and link extraction
2026-05-27 11:54:52,560 [WARNING] AIA-053: FAILED on first attempt (baseline mode, no repair)
2026-05-27 11:54:52,870 [INFO] Processing AIA-054: JSON extraction from natural language
2026-05-27 11:54:57,398 [WARNING] AIA-054: FAILED on first attempt (baseline mode, no repair)
2026-05-27 11:54:57,718 [INFO] Processing AIA-055: Code comment extraction
2026-05-27 11:54:59,436 [WARNING] AIA-055: FAILED on first attempt (baseline mode, no repair)
2026-05-27 11:54:59,736 [INFO] Processing AIA-058: Resume/CV field extraction
2026-05-27 11:55:04,308 [WARNING] AIA-058: FAILED on first attempt (baseline mode, no repair)
2026-05-27 11:55:04,638 [INFO] Processing AIA-059: Regex pattern extraction
2026-05-27 11:55:07,511 [WARNING] AIA-059: FAILED on first attempt (baseline mode, no repair)
2026-05-27 11:55:07,834 [INFO] Processing AIA-063: Incremental summary update
2026-05-27 11:55:16,195 [WARNING] AIA-063: FAILED on first attempt (baseline mode, no repair)
2026-05-27 11:55:16,536 [INFO] Processing AIA-071: Podcast/transcript summariser
2026-05-27 11:55:18,397 [WARNING] AIA-071: FAILED on first attempt (baseline mode, no repair)
2026-05-27 11:55:18,697 [INFO] Processing AIA-079: i18n string extraction
2026-05-27 11:55:24,595 [WARNING] AIA-079: FAILED on first attempt (baseline mode, no repair)
2026-05-27 11:55:24,914 [INFO] Processing AIA-080: Plural form handler
2026-05-27 11:55:29,474 [WARNING] AIA-080: FAILED on first attempt (baseline mode, no repair)
2026-05-27 11:55:29,796 [INFO] Processing AIA-082: Style-adapted translation
2026-05-27 11:55:33,980 [WARNING] AIA-082: FAILED on first attempt (baseline mode, no repair)
2026-05-27 11:55:34,331 [INFO] Periodic S3 sync at 300 programs...
2026-05-27 11:55:34,332 [INFO] Syncing solutions to s3://toke-test-programs/worker-5/
2026-05-27 11:55:34,332 [WARNING] S3 sync skipped: [Errno 2] No such file or directory: 'aws'
2026-05-27 11:55:34,332 [INFO] Processing AIA-088: Documentation generator agent
2026-05-27 11:55:37,862 [WARNING] AIA-088: FAILED on first attempt (baseline mode, no repair)
2026-05-27 11:55:38,194 [WARNING] Category 'ai-agents' halted: success rate 0.0% (0/20) is below 10% threshold. Stats: {"attempted": 20, "passed": 0, "failed": 20, "skipped": 0, "errors_build_error": 3, "errors_compile_error": 15, "errors_runtime_error": 2}
2026-05-27 11:55:38,195 [INFO] Moving to next category. 'ai-agents' final stats: attempted=20, passed=0, failed=20, skipped=0
2026-05-27 11:55:38,211 [INFO] Worker 5 complete. Passed: 1, Failed: 300, Skipped: 132
2026-05-27 11:55:38,211 [INFO] Syncing solutions to s3://toke-test-programs/worker-5/
2026-05-27 11:55:38,211 [WARNING] S3 sync skipped: [Errno 2] No such file or directory: 'aws'
2026-05-27 11:55:38,212 [INFO] All work complete. Stopping instance.
