Test failures:
Test 1: expected 'ANNUAL PROGRESS REPORT 2024
Student: Alice Smith

Academic Performance:
Math:    S1=88  S2=92  Avg=90.0  Grade=A
English: S1=75  S2=80  Avg=77.5  Grade=C

Overall GPA: 2.75

Attendance: 172/180 (96%)

Teacher Comment:
Shows strong improvement.

Recommendation: Promote to next year', got ''
Test 2: expected 'ANNUAL PROGRESS REPORT 2024
Student: Bob Lee

Academic Performance:
Science: S1=45  S2=50  Avg=47.5  Grade=F

Overall GPA: 0.00

Attendance: 140/180 (78%)

Teacher Comment:
Needs additional support.

Recommendation: Consider retention', got ''